08-24 08:39:32.920 28525 28648 I chatty  : uid=1000(system) UEventObserver expire 6 lines
08-24 08:39:40.566 28525 31976 I chatty  : uid=1000(system) Binder:28525_20 expire 7 lines
08-24 08:39:52.552  1132  1163 I storaged: storaged_t::event: storage_info refreshed.
08-24 08:39:54.668 28525  6185 I chatty  : uid=1000(system) MobileQosDetect expire 1 line
08-24 08:39:57.049 28525 28575 I chatty  : uid=1000(system) PowerManagerSer expire 40 lines
08-24 08:39:57.050 28525 28525 I chatty  : uid=1000(system) Binder:28525_12 expire 9 lines
08-24 08:39:57.056 28525 28880 I chatty  : uid=1000(system) Binder:28525_5 expire 3 lines
08-24 08:39:57.066 28525 28822 I chatty  : uid=1000(system) pool-2-thread-6 expire 1 line
08-24 08:39:57.068 28525 28811 I chatty  : uid=1000(system) pool-2-thread-2 expire 1 line
08-24 08:39:57.069 28525  9789 I chatty  : uid=1000(system) NotifyScreenSta expire 1 line
08-24 08:39:57.092   464   464 D vold    : begin lockScreenPrepare
08-24 08:39:57.092   464   464 D vold    : FscryptLockScreenPrepare flag is: 1 userId:0
08-24 08:39:57.275 28525 28730 I chatty  : uid=1000(system) Thread-6 expire 3 lines
08-24 08:39:57.304 28525 28571 I chatty  : uid=1000(system) batterystats-wo expire 3 lines
08-24 08:39:57.306 28525 30982 I chatty  : uid=1000(system) Binder:28525_17 expire 14 lines
08-24 08:39:57.323 28525 28815 I chatty  : uid=1000(system) HwProximitySens expire 1 line
08-24 08:39:57.323 28525 28818 I chatty  : uid=1000(system) PhotonicModulat expire 2 lines
08-24 08:39:57.329 28525 28558 I chatty  : uid=1000(system) HwActivityTaskM expire 2 lines
08-24 08:39:57.350 28525 29006 I chatty  : uid=1000(system) Binder:28525_9 expire 6 lines
08-24 08:39:57.356 28525 28549 I chatty  : uid=1000(system) android.display expire 9 lines
08-24 08:39:57.362 29075 29493 I SmartDualCardConfig: getAppType,pkgName=com.huawei.android.launcher,appType=28
08-24 08:39:57.362 29075 29493 E SmartDualCardConfig: isAppInBlackList false,items==null
08-24 08:39:57.374 28525 29187 I chatty  : uid=1000(system) Binder:28525_E expire 11 lines
08-24 08:39:57.387 28525 28566 I chatty  : uid=1000(system) ActivityManager expire 1 line
08-24 08:39:57.398 28525 28963 I chatty  : uid=1000(system) NetworkTimeUpda expire 2 lines
08-24 08:39:57.400 28525 28547 I chatty  : uid=1000(system) android.ui expire 5 lines
08-24 08:39:57.406 28525 28550 I chatty  : uid=1000(system) android.anim expire 3 lines
08-24 08:39:57.407 29302 29302 D ActivityThread: Attach thread to application
08-24 08:39:57.424 29302 29339 I ActivityThread: Init compatible state: false
08-24 08:39:57.430 29302 29302 I LoadedApk: makePaths: outLibPaths=[/hw_product/region_comm/china/app/HwMagazine/lib/arm64, /system/lib64:/hw_product/lib64:/system/product/lib64]
08-24 08:39:57.510 29302 29302 I ActivityThread: finishPreloaded preloadStatus 0
08-24 08:39:57.694   464   464 D vold    : begin lockScreenPrepare
08-24 08:39:57.695   464   464 D vold    : FscryptLockScreenPrepare flag is: 1 userId:0
08-24 08:39:57.757 28525 28708 I chatty  : uid=1000(system) WifiP2pService expire 3 lines
08-24 08:39:57.762 28525 28707 I chatty  : uid=1000(system) ClientModeImpl expire 1 line
08-24 08:39:57.904 28858 26184 D HwCommandQueue: CommandQueue, set Launcher StatusBar Color
08-24 08:39:57.908 28525 28682 I chatty  : uid=1000(system) sManagerService expire 1 line
08-24 08:39:57.926 28525 28686 I chatty  : uid=1000(system) GestureNavManag expire 1 line
08-24 08:39:57.945 28525 28565 I chatty  : uid=1000(system) ActivityManager expire 1 line
08-24 08:39:57.985 28525 29187 I chatty  : uid=1000(system) Binder:28525_E expire 6 lines
08-24 08:39:58.011 28858 28858 I RtgSchedEvent: current pid:28858 AppType:255
08-24 08:39:58.029 28525 28575 I chatty  : uid=1000(system) PowerManagerSer expire 16 lines
08-24 08:39:58.041 28525 28686 I chatty  : uid=1000(system) GestureNavManag expire 2 lines
08-24 08:39:58.100 28525 30982 I chatty  : uid=1000(system) Binder:28525_17 expire 1 line
08-24 08:39:58.101 28525 28682 I chatty  : uid=1000(system) sManagerService expire 2 lines
08-24 08:39:58.109 29075 29493 I KernelQoeChr: KernelQoeChrhandleMessage : msg = 2130903100
08-24 08:39:58.110 29075 29493 I KernelQoeChr: updateScreenState mIsScreenOn:false
08-24 08:39:58.119 29075 29493 E Booster_DollieCore: [setDollieUnsolEnabled]setDollieUnsolEnabled modem not support
08-24 08:39:58.142 29075 29493 E OllieTelephony: sendFullData err:-2
08-24 08:39:58.286 29075 29493 E BoosterGameP: inValidCQI:-1
08-24 08:39:58.288 29075 29493 I DeepNoDisturbSM: setScreenState isScreenOn=false
08-24 08:39:58.288 29075 29493 I HidataAppQoeP: other status.
08-24 08:39:58.288 29075 29493 I PreDnsQuery: No need to handled!
08-24 08:39:58.289 29075 29493 I DeepNoDisturbSM: IdleState processMessage msg.what=EVENT_SCREEN_OFF
08-24 08:39:58.289 29075 29493 I DeepNoDisturbSM: IdleState: default msg.what=11
08-24 08:39:58.413 28525 10034 I chatty  : uid=1000(system) pool-20-thread- expire 3 lines
08-24 08:39:58.663 28525 31976 I chatty  : uid=1000(system) Binder:28525_20 expire 7 lines
08-24 08:40:00.438 28525 28730 I chatty  : uid=1000(system) Thread-6 expire 9 lines
08-24 08:40:00.438 28525 28558 I chatty  : uid=1000(system) HwActivityTaskM expire 3 lines
08-24 08:40:01.531 28525 28678 I chatty  : uid=1000(system) AlarmManager expire 4 lines
08-24 08:40:01.544 28525 31614 I chatty  : uid=1000(system) Binder:28525_1C expire 22 lines
08-24 08:40:02.685 28525  6185 I chatty  : uid=1000(system) MobileQosDetect expire 11 lines
08-24 08:40:03.127 29075 29493 E Booster_PositionFencePolicyLifeManager: [isPhoneDevice]phone device
08-24 08:40:03.648 28525 28648 I chatty  : uid=1000(system) UEventObserver expire 12 lines
08-24 08:40:34.050 28525 30887 I chatty  : uid=1000(system) Binder:28525_16 expire 17 lines
08-24 08:40:34.075 28525 28880 I chatty  : uid=1000(system) Binder:28525_5 expire 11 lines
08-24 08:40:38.609 28525 28566 I chatty  : uid=1000(system) ActivityManager expire 1 line
08-24 08:40:38.665 29456 29456 D ActivityThread: Attach thread to application
08-24 08:40:38.690 29456 29516 I ActivityThread: Init compatible state: false
08-24 08:40:38.704 29456 29456 I LoadedApk: makePaths: outLibPaths=[/hw_product/region_comm/china/app/Pengine/lib/arm64, /hw_product/region_comm/china/app/Pengine/Pengine.apk!/lib/arm64-v8a, /system/lib64:/hw_product/lib64:/system/product/lib64]
08-24 08:40:38.807 29456 29456 I ActivityThread: finishPreloaded preloadStatus 0
08-24 08:40:41.678 28525 28575 I chatty  : uid=1000(system) PowerManagerSer expire 15 lines
08-24 08:40:41.807 28525 29190 I chatty  : uid=1000(system) Binder:28525_10 expire 14 lines
08-24 08:40:52.555  1132  1163 I storaged: storaged_t::event: storage_info refreshed.
08-24 08:40:56.192 28525 31614 I chatty  : uid=1000(system) Binder:28525_1C expire 2 lines
08-24 08:40:58.434 28525 29190 I chatty  : uid=1000(system) Binder:28525_10 expire 9 lines
08-24 08:40:58.744 28525  6185 I chatty  : uid=1000(system) MobileQosDetect expire 10 lines
08-24 08:41:05.091 28525 28648 I chatty  : uid=1000(system) UEventObserver expire 18 lines
08-24 08:41:07.576 28525 28570 I chatty  : uid=1000(system) keyAppHanderThr expire 1 line
08-24 08:41:16.514 28525 28525 I chatty  : uid=1000(system) Binder:28525_12 expire 4 lines
08-24 08:41:52.557  1132  1163 I storaged: storaged_t::event: storage_info refreshed.
08-24 08:41:53.521 28525 28674 I chatty  : uid=1000(system) Binder:28525_3 expire 19 lines
08-24 08:42:06.547 28525 28648 I chatty  : uid=1000(system) UEventObserver expire 12 lines
08-24 08:42:14.679 28525 28575 I chatty  : uid=1000(system) PowerManagerSer expire 9 lines
08-24 08:42:21.717 28525 28728 I chatty  : uid=1000(system) LocationHander expire 2 lines
08-24 08:42:52.559  1132  1163 I storaged: storaged_t::event: storage_info refreshed.
08-24 08:42:53.545 28525 31614 I chatty  : uid=1000(system) Binder:28525_1C expire 9 lines
08-24 08:42:54.882 28525  6185 I chatty  : uid=1000(system) MobileQosDetect expire 14 lines
08-24 08:43:00.614 28525 28575 I chatty  : uid=1000(system) PowerManagerSer expire 18 lines
08-24 08:43:00.619 28525 28678 I chatty  : uid=1000(system) AlarmManager expire 10 lines
08-24 08:43:00.645 28525 28880 I chatty  : uid=1000(system) Binder:28525_5 expire 17 lines
08-24 08:43:00.668 28525 30887 I chatty  : uid=1000(system) Binder:28525_16 expire 29 lines
08-24 08:43:00.687 28525 28674 I chatty  : uid=1000(system) Binder:28525_3 expire 14 lines
08-24 08:43:00.758 28525 31976 I chatty  : uid=1000(system) Binder:28525_20 expire 9 lines
08-24 08:43:07.988 28525 28648 I chatty  : uid=1000(system) UEventObserver expire 12 lines
08-24 08:43:52.560  1132  1163 I storaged: storaged_t::event: storage_info refreshed.
08-24 08:43:54.958 28525  6185 I chatty  : uid=1000(system) MobileQosDetect expire 14 lines
08-24 08:43:58.279 28525 28575 I chatty  : uid=1000(system) PowerManagerSer expire 13 lines
08-24 08:44:09.415 28525 28648 I chatty  : uid=1000(system) UEventObserver expire 12 lines
08-24 08:44:52.565  1132  1163 I storaged: storaged_t::event: storage_info refreshed.
08-24 08:44:55.027 28525  6185 I chatty  : uid=1000(system) MobileQosDetect expire 11 lines
08-24 08:45:10.866 28525 28648 I chatty  : uid=1000(system) UEventObserver expire 12 lines
08-24 08:45:41.766 28525 28674 I chatty  : uid=1000(system) Binder:28525_3 expire 14 lines
08-24 08:45:42.882 28525 28678 I chatty  : uid=1000(system) AlarmManager expire 4 lines
08-24 08:45:42.902 28525 28880 I chatty  : uid=1000(system) Binder:28525_5 expire 9 lines
08-24 08:45:42.962 28525 28566 I chatty  : uid=1000(system) ActivityManager expire 1 line
08-24 08:45:42.996 29614 29614 D ActivityThread: Attach thread to application
08-24 08:45:43.021 29614 29640 I ActivityThread: Init compatible state: false
08-24 08:45:43.034 29614 29614 I LoadedApk: makePaths: outLibPaths=[/data/app/com.huawei.systemmanager-17ihdQVp-juy5k4-8S7fLw==/lib/arm64, /data/app/com.huawei.systemmanager-17ihdQVp-juy5k4-8S7fLw==/base.apk!/lib/arm64-v8a, /data/app/com.huawei.systemmanager-17ihdQVp-juy5k4-8S7fLw==/AiSecurityPlugin.apk!/lib/arm64-v8a, /data/app/com.huawei.systemmanager-17ihdQVp-juy5k4-8S7fLw==/AntimalPlugin.apk!/lib/arm64-v8a, /data/app/com.huawei.systemmanager-17ihdQVp-juy5k4-8S7fLw==/WlanSecurePlugin.apk!/lib/arm64-v8a, /system/lib64:/hw_product/lib64:/system/product/lib64]
08-24 08:45:43.073 28525  6185 I chatty  : uid=1000(system) MobileQosDetect expire 5 lines
08-24 08:45:43.159 29614 29614 W ContextImpl: Calling a method in the system process without a qualified user: android.app.ContextImpl.startService:1698 android.content.ContextWrapper.startService:669 com.huawei.securitycentersdk.SecurityCenterContext.startHwSecService:3 com.huawei.securitycentersdk.SecurityCenterContext.inject:4 com.huawei.systemmanager.SystemManagerApplication.onCreate:43 
08-24 08:45:43.167 29614 29614 I ActivityThread: finishPreloaded preloadStatus 0
08-24 08:45:43.174 29614 29647 W ContextImpl: Calling a method in the system process without a qualified user: android.app.ContextImpl.bindService:1777 android.content.ContextWrapper.bindService:705 d.d.o.u.b.o.a:12 d.d.o.u.b.a.ba:12 f.b.b.a.a.c:3 
08-24 08:45:43.290 29614 29614 W ContextImpl: Calling a method in the system process without a qualified user: android.app.ContextImpl.bindService:1777 android.content.ContextWrapper.bindService:705 d.d.j.e.c.d.Js:5 d.d.j.e.c.d.a:6 d.d.j.e.a.b.a:3 
08-24 08:45:52.268 28525 30887 I chatty  : uid=1000(system) Binder:28525_16 expire 2 lines
08-24 08:45:52.566  1132  1163 I storaged: storaged_t::event: storage_info refreshed.
08-24 08:45:54.475 29614 29644 W ContextImpl: Calling a method in the system process without a qualified user: android.app.ContextImpl.bindService:1777 android.content.ContextWrapper.bindService:705 clear.sdk.ci.d:2 clear.sdk.ci.create:2 clear.sdk.ch.a:1 
08-24 08:45:54.561 29614 29728 W ContextImpl: Calling a method in the system process without a qualified user: android.app.ContextImpl.bindService:1777 android.content.ContextWrapper.bindService:705 clear.sdk.ci.d:2 clear.sdk.ci.e:1 clear.sdk.ci.scanApk:2 
08-24 08:45:54.567 29614 29728 W ContextImpl: Calling a method in the system process without a qualified user: android.app.ContextImpl.bindService:1777 android.content.ContextWrapper.bindService:705 clear.sdk.ci.d:2 clear.sdk.ci.e:1 clear.sdk.ci.scanApk:2 
08-24 08:45:59.385 28525 28575 I chatty  : uid=1000(system) PowerManagerSer expire 4 lines
08-24 08:45:59.385 28525 28691 I chatty  : uid=1000(system) InputReader expire 7 lines
08-24 08:45:59.390 28525 28525 I chatty  : uid=1000(system) Binder:28525_12 expire 3 lines
08-24 08:45:59.411 28525 28819 I chatty  : uid=1000(system) pool-2-thread-4 expire 1 line
08-24 08:45:59.413 28525 28825 I chatty  : uid=1000(system) pool-2-thread-9 expire 1 line
08-24 08:45:59.414 28525 28575 I chatty  : uid=1000(system) PowerManagerSer expire 84 lines
08-24 08:45:59.414 28525 28828 I chatty  : uid=1000(system) NotifyScreenSta expire 1 line
08-24 08:45:59.424 28525 28549 I chatty  : uid=1000(system) android.display expire 2 lines
08-24 08:45:59.435 28525 28674 I chatty  : uid=1000(system) Binder:28525_3 expire 11 lines
08-24 08:45:59.435 28525 28550 I chatty  : uid=1000(system) android.anim expire 8 lines
08-24 08:45:59.441 28525 28547 I chatty  : uid=1000(system) android.ui expire 4 lines
08-24 08:45:59.448 28525 28963 I chatty  : uid=1000(system) NetworkTimeUpda expire 2 lines
08-24 08:45:59.452 28525 28525 I chatty  : uid=1000(system) Binder:28525_12 expire 8 lines
08-24 08:45:59.463 28525 29190 I chatty  : uid=1000(system) Binder:28525_10 expire 19 lines
08-24 08:45:59.483 28525 28682 I chatty  : uid=1000(system) sManagerService expire 2 lines
08-24 08:45:59.484 28858 28858 I RtgSchedEvent: current pid:28858 AppType:255
08-24 08:45:59.522 28525 28880 I chatty  : uid=1000(system) Binder:28525_5 expire 7 lines
08-24 08:45:59.525 28525 28565 I chatty  : uid=1000(system) ActivityManager expire 2 lines
08-24 08:45:59.532   464 29752 D vold    : idle maintenance stopped
08-24 08:45:59.541 28525 28708 I chatty  : uid=1000(system) WifiP2pService expire 3 lines
08-24 08:45:59.566 28525 28677 I chatty  : uid=1000(system) HeartBeatHandle expire 1 line
08-24 08:45:59.569 28525 29187 I chatty  : uid=1000(system) Binder:28525_E expire 20 lines
08-24 08:45:59.587 28525 28818 I chatty  : uid=1000(system) PhotonicModulat expire 3 lines
08-24 08:45:59.596 29075 29493 I BoosterTelephonyCollector: handleDsdsStateChanged:dsds state= 0
08-24 08:45:59.636 29075 29493 I KernelQoeChr: KernelQoeChrhandleMessage : msg = 2130903090
08-24 08:45:59.637 29075 29493 I KernelQoeChr: updateScreenState mIsScreenOn:true
08-24 08:45:59.637 29075 29493 E Booster_DollieCore: [setDollieUnsolEnabled]setDollieUnsolEnabled modem not support
08-24 08:45:59.695 29075 29493 E Booster_HumanFactorTraffic: [getRemainDailyDataTraffic]dataPackage=-1
08-24 08:45:59.702 29103 31693 W ContextImpl: Calling a method in the system process without a qualified user: android.app.ContextImpl.bindService:1777 android.content.ContextWrapper.bindService:705 ohos.abilityshell.support.O00000O.O000000:709 ohos.abilityshell.support.O00000O.connectAbility:579 ohos.abilityshell.support.O00000o.O000000:153 
08-24 08:45:59.762 28525 30887 I chatty  : uid=1000(system) Binder:28525_16 expire 2 lines
08-24 08:45:59.811 28525 31614 I chatty  : uid=1000(system) Binder:28525_1C expire 8 lines
08-24 08:45:59.836 28525 31976 I chatty  : uid=1000(system) Binder:28525_20 expire 5 lines
08-24 08:45:59.893 28525 30007 I chatty  : uid=1000(system) Binder:28525_14 expire 32 lines
08-24 08:45:59.974 29075 29493 I BoosterUtil: getSlaveCardSubId slotId: 1, subId: -1
08-24 08:45:59.974 29075 29493 I PositionFence_PositionFenceManager: start position fence recognize! reason for 2130903090
08-24 08:45:59.984 29075 29493 E OllieTelephony: sendFullData err:-2
08-24 08:46:00.034 29271 29271 W SettingsEx: SettingsEx.Systemex.getString deprecated use Settings.System.getString instead, callers = com.android.internal.telephony.gsm.HwCustGsmServiceStateManagerImpl.isMccForShowNetname:222 com.android.internal.telephony.gsm.HwCustGsmServiceStateManagerImpl.isShowNetnameByMcc:213 com.android.internal.telephony.gsm.HwCustGsmServiceStateManagerImpl.setOnsDisplayCustomization:164 
08-24 08:46:00.076 29075 29493 E BoosterGameP: inValidCQI:-1
08-24 08:46:00.078 29075 29493 I DeepNoDisturbSM: setScreenState isScreenOn=true
08-24 08:46:00.084 29075 29493 I HidataAppQoeP: other status.
08-24 08:46:00.084 29075 29493 I PreDnsQuery: No need to handled!
08-24 08:46:00.084 29271 29271 W SettingsEx: SettingsEx.Systemex.getString deprecated use Settings.System.getString instead, callers = com.android.internal.telephony.gsm.HwCustGsmServiceStateManagerImpl.isMccForShowNetname:222 com.android.internal.telephony.gsm.HwCustGsmServiceStateManagerImpl.isShowNetnameByMcc:213 com.android.internal.telephony.gsm.HwCustGsmServiceStateManagerImpl.setOnsDisplayCustomization:164 
08-24 08:46:00.085 29075 29493 I BoosterTelephonyCollector: handleDsdsStateChanged:dsds state= 0
08-24 08:46:00.085 29075 29493 I DeepNoDisturbSM: IdleState processMessage msg.what=EVENT_SCREEN_ON
08-24 08:46:00.087 29075 29493 I DeepNoDisturbSM: isWifiConnected = true
08-24 08:46:00.087 29075 29493 I DeepNoDisturbSM: isNeedEnterDeepNoDisturbMode false
08-24 08:46:00.158 28525 28730 I chatty  : uid=1000(system) Thread-6 expire 2 lines
08-24 08:46:00.159 28525 28558 I chatty  : uid=1000(system) HwActivityTaskM expire 3 lines
08-24 08:46:00.300  7285  7459 E ActivityThread: Failed to find provider info for com.huawei.ohos.health.HealthDataAbility
08-24 08:46:00.438 29307 29307 I RtgSchedEvent: current pid:29307 AppType:28
08-24 08:46:00.472 28525 28549 I chatty  : uid=1000(system) android.display expire 6 lines
08-24 08:46:00.475 29075 29493 I PositionFenceSignalCollect: start position fence recognize by cell and serve ap! serveData: Pair{[Ljava.lang.String;@32dabfd -40}
08-24 08:46:00.475 29075 29493 I PositionFenceRecognize: HighPrecisionRecognizeByCellAndServeAp fail, highPrecisionConfirmedFenceInfos is empty
08-24 08:46:00.475 29075 29493 I PositionFenceRecognize: LowPrecisionRecognizeByCellAndServeAp fail, lowPrecisionConfirmedFenceInfos is empty
08-24 08:46:00.478 28525 29187 I chatty  : uid=1000(system) Binder:28525_E expire 1 line
08-24 08:46:00.481 28525 28880 I chatty  : uid=1000(system) Binder:28525_5 expire 3 lines
08-24 08:46:00.493 28525 31976 I chatty  : uid=1000(system) Binder:28525_20 expire 3 lines
08-24 08:46:00.496 28525 30887 I chatty  : uid=1000(system) Binder:28525_16 expire 19 lines
08-24 08:46:00.497 29307 29307 D ActivityThread: Won't deliver top position change in state=2
08-24 08:46:00.503 28525 28575 I chatty  : uid=1000(system) PowerManagerSer expire 56 lines
08-24 08:46:00.507 28525 28730 I chatty  : uid=1000(system) Thread-6 expire 7 lines
08-24 08:46:00.508 28525 28547 I chatty  : uid=1000(system) android.ui expire 2 lines
08-24 08:46:00.509 28858  9333 D HwCommandQueue: CommandQueue, set Launcher StatusBar Color
08-24 08:46:00.510 28525 30007 I chatty  : uid=1000(system) Binder:28525_14 expire 6 lines
08-24 08:46:00.540 28525 28877 I chatty  : uid=1000(system) Binder:28525_4 expire 1 line
08-24 08:46:00.545 28525 29006 I chatty  : uid=1000(system) Binder:28525_9 expire 11 lines
08-24 08:46:00.567 28525 28543 I chatty  : uid=1000(system) Binder:28525_2 expire 6 lines
08-24 08:46:00.572 29075 29493 I PreDnsQuery: No need to handled!
08-24 08:46:00.581 28525 28674 I chatty  : uid=1000(system) Binder:28525_3 expire 10 lines
08-24 08:46:00.583 28525 28565 I chatty  : uid=1000(system) ActivityManager expire 10 lines
08-24 08:46:00.584 29075 29493 I SmartDualCardConfig: getAppType,pkgName=com.huawei.android.launcher,appType=28
08-24 08:46:00.584 29075 29493 E SmartDualCardConfig: isAppInBlackList false,items==null
08-24 08:46:00.585 29075 29493 E Booster_MatterAppRecommend: [isMatterPackage]invalid mMatterPackagesConfig
08-24 08:46:00.628 28525 28682 I chatty  : uid=1000(system) sManagerService expire 1 line
08-24 08:46:00.709 29075 29493 I PositionFenceSignalCollect: cell Info change.
08-24 08:46:00.774 28525 31613 I chatty  : uid=1000(system) Binder:28525_1B expire 20 lines
08-24 08:46:00.809 28525 28550 I chatty  : uid=1000(system) android.anim expire 3 lines
08-24 08:46:00.923 28525 28525 I chatty  : uid=1000(system) Binder:28525_12 expire 13 lines
08-24 08:46:00.924 28525 28708 I chatty  : uid=1000(system) WifiP2pService expire 3 lines
08-24 08:46:00.926 28525 10034 I chatty  : uid=1000(system) pool-20-thread- expire 3 lines
08-24 08:46:01.765 27812 29770 I LoadedApk: makePaths: outLibPaths=[/system/product/app/WebViewGoogle/lib/arm64, /system/product/app/WebViewGoogle/WebViewGoogle.apk!/lib/arm64-v8a, /system/product/app/TrichromeLibrary/TrichromeLibrary.apk!/lib/arm64-v8a, /system/lib64:/hw_product/lib64:/system/product/lib64]
08-24 08:46:02.018 28525 28566 I chatty  : uid=1000(system) ActivityManager expire 2 lines
08-24 08:46:02.071 30006 30006 D ActivityThread: Attach thread to application
08-24 08:46:02.084 30006 30056 E ActivityThread: getApplicationInfo metadata error
08-24 08:46:02.085 30006 30056 I ActivityThread: Init compatible state: false
08-24 08:46:02.118 30006 30006 I LoadedApk: makePaths: outLibPaths=[/system/product/app/WebViewGoogle/lib/arm, /system/product/app/WebViewGoogle/WebViewGoogle.apk!/lib/armeabi-v7a, /system/product/app/TrichromeLibrary/TrichromeLibrary.apk!/lib/armeabi-v7a, /system/lib:/hw_product/lib]
08-24 08:46:02.201 30006 30006 I ActivityThread: finishPreloaded preloadStatus 0
08-24 08:46:02.207 27812 27812 D HwCustConnectivityManagerImpl: isBlockNetworkRequestByNonAis, INVALID_SUBSCRIPTION_ID
08-24 08:46:02.211 28525 28715 I chatty  : uid=1000(system) ConnectivitySer expire 6 lines
08-24 08:46:02.213 27812 27812 D HwCustConnectivityManagerImpl: isBlockNetworkRequestByNonAis, INVALID_SUBSCRIPTION_ID
08-24 08:46:02.955 28525 28710 I chatty  : uid=1000(system) WifiScanningSer expire 1 line
08-24 08:46:02.977 29075 29493 I PositionFenceSignalCollect: wifiDatas size 7 for recognize
08-24 08:46:02.977 29075 29493 E PositionFenceRecognize: RecognizeByWifi fail, highPrecisionConfirmedFence is empty
08-24 08:46:02.977 29075 29493 I PositionFenceRecognize: HighPrecisionRecognizeByCellAndServeAp fail, highPrecisionConfirmedFenceInfos is empty
08-24 08:46:02.977 29075 29493 I PositionFenceRecognize: LowPrecisionRecognizeByCellAndServeAp fail, lowPrecisionConfirmedFenceInfos is empty
08-24 08:46:03.073 29075 29493 I PositionFenceSignalCollect: cell Info change.
08-24 08:46:03.438 28525 28728 I chatty  : uid=1000(system) LocationHander expire 4 lines
08-24 08:46:03.449 30252 30252 D ActivityThread: Attach thread to application
08-24 08:46:03.474 30252 30282 I ActivityThread: Init compatible state: false
08-24 08:46:03.497 28525 28815 I chatty  : uid=1000(system) HwProximitySens expire 1 line
08-24 08:46:03.498 28525 29190 I chatty  : uid=1000(system) Binder:28525_10 expire 1 line
08-24 08:46:03.505 28525 31614 I chatty  : uid=1000(system) Binder:28525_1C expire 12 lines
08-24 08:46:03.544 29126 32139 W ContextImpl: Calling a method in the system process without a qualified user: android.app.ContextImpl.bindService:1777 android.content.ContextWrapper.bindService:705 com.huawei.c.c.d.c.f:156 com.huawei.c.c.d.c.b:232 com.huawei.c.c.d.c.a:210 
08-24 08:46:03.749 30252 30252 I ActivityThread: finishPreloaded preloadStatus 0
08-24 08:46:03.778 28525 30982 I chatty  : uid=1000(system) Binder:28525_17 expire 1 line
08-24 08:46:04.153 30252 30391 W PackageParser: Unknown element under <manifest>: queries at /data/user_de/0/com.huawei.android.hsf/modules/external/huawei_module_networkkit/60000300/networkkit.apk Binary XML file line #14
08-24 08:46:04.182 30252 30391 D SystemConfig: Removed unavailable feature android.hardware.sensor.barometer
08-24 08:46:04.186 30252 30391 W SystemConfig: No directory /product_services/etc/sysconfig, skipping
08-24 08:46:04.186 30252 30391 W SystemConfig: No directory /product_services/etc/permissions, skipping
08-24 08:46:04.188 30252 30391 W SystemConfig: No directory /system/emui/base/sysconfig, skipping
08-24 08:46:04.189 30252 30391 W SystemConfig: No directory /system/emui/china/sysconfig, skipping
08-24 08:46:04.189 30252 30391 W SystemConfig: No directory /system/emui/china_honor/sysconfig, skipping
08-24 08:46:04.190 30252 30391 D SystemConfig: Removed unavailable feature com.huawei.software.features.huawei
08-24 08:46:04.190 30252 30391 W SystemConfig: No directory /system/emui/lite/sysconfig, skipping
08-24 08:46:04.190 30252 30391 D SystemConfig: Removed unavailable feature com.huawei.software.features.full
08-24 08:46:04.190 30252 30391 W SystemConfig: No directory /vendor/etc/sysconfig, skipping
08-24 08:46:04.193 30252 30391 D SystemConfig: Removed unavailable feature android.hardware.sensor.barometer
08-24 08:46:04.196 30252 30391 W SystemConfig: No directory /odm/cust/all/cn/sysconfig, skipping
08-24 08:46:04.196 30252 30391 W SystemConfig: No directory /odm/cust/all/cn/permissions, skipping
08-24 08:46:04.196 30252 30391 W SystemConfig: No directory /odm/etc/sysconfig, skipping
08-24 08:46:04.198 30252 30391 W SystemConfig: No directory /odm/etc/carrier/46002/sysconfig, skipping
08-24 08:46:04.199 30252 30391 W SystemConfig: No directory /odm/etc/carrier/46002/permissions, skipping
08-24 08:46:04.199 30252 30391 W SystemConfig: No directory /odm/hw_odm/JSN-AL10/sysconfig, skipping
08-24 08:46:04.199 30252 30391 W SystemConfig: No directory /odm/hw_odm/JSN-AL10/permissions, skipping
08-24 08:46:04.199 30252 30391 W SystemConfig: No directory /hw_product/etc/sysconfig, skipping
08-24 08:46:04.201 30252 30391 W SystemConfig: No directory /hw_product/etc/carrier/46002/sysconfig, skipping
08-24 08:46:04.201 30252 30391 W SystemConfig: No directory /hw_product/etc/carrier/46002/permissions, skipping
08-24 08:46:04.201 30252 30391 W SystemConfig: No directory /hw_product/region_comm/china/sysconfig, skipping
08-24 08:46:04.202 30252 30391 W SystemConfig: No directory /preas/china/sysconfig, skipping
08-24 08:46:04.205 30252 30391 W SystemConfig: No directory /hw_product/hw_oem/JSN-AL10/sysconfig, skipping
08-24 08:46:04.206 30252 30391 W SystemConfig: No directory /preload/JSN-AL10/all/cn/sysconfig, skipping
08-24 08:46:04.206 30252 30391 W SystemConfig: No directory /cust/global/sysconfig, skipping
08-24 08:46:04.206 30252 30391 W SystemConfig: No directory /cust/global/permissions, skipping
08-24 08:46:04.207 30252 30391 W SystemConfig: No directory /cust/global/carrier/46002/sysconfig, skipping
08-24 08:46:04.207 30252 30391 W SystemConfig: No directory /cust/global/carrier/46002/permissions, skipping
08-24 08:46:04.207 30252 30391 W SystemConfig: No directory /cust/hw/cn/sysconfig, skipping
08-24 08:46:04.207 30252 30391 W SystemConfig: No directory /cust/hw/cn/permissions, skipping
08-24 08:46:04.207 30252 30391 W SystemConfig: No directory /cust/hw/cn/carrier/46002/sysconfig, skipping
08-24 08:46:04.207 30252 30391 W SystemConfig: No directory /cust/hw/cn/carrier/46002/permissions, skipping
08-24 08:46:04.207 30252 30391 W SystemConfig: No directory /version/cust/all/cn/sysconfig, skipping
08-24 08:46:04.207 30252 30391 W SystemConfig: No directory /version/special_cust/JSN-AL10/all/cn/sysconfig, skipping
08-24 08:46:04.208 30252 30391 W SystemConfig: No directory /version/special_cust/JSN-AL10/all/cn/permissions, skipping
08-24 08:46:04.208 30252 30391 W SystemConfig: No directory /version/special_cust/JSN-AL10/all/cn/carrier/46002/sysconfig, skipping
08-24 08:46:04.208 30252 30391 W SystemConfig: No directory /version/special_cust/JSN-AL10/all/cn/carrier/46002/permissions, skipping
08-24 08:46:04.208 30252 30391 W SystemConfig: No directory /cust/cotalite/sysconfig, skipping
08-24 08:46:04.208 30252 30391 W SystemConfig: No directory /cust/cotalite/permissions, skipping
08-24 08:46:04.208 30252 30391 W SystemConfig: No directory /cust/ecota/sysconfig, skipping
08-24 08:46:04.208 30252 30391 W SystemConfig: No directory /cust/ecota/permissions, skipping
08-24 08:46:04.208 30252 30391 I HwCustSystemConfigImpl: start read overlay feature.
08-24 08:46:04.210 30252 30391 I HwCustSystemConfigImpl: overlay feature take effect.
08-24 08:46:12.280 28525 28648 I chatty  : uid=1000(system) UEventObserver expire 6 lines
08-24 08:46:15.100 28525  6185 I chatty  : uid=1000(system) MobileQosDetect expire 2 lines
08-24 08:46:29.892 28525 28678 I chatty  : uid=1000(system) AlarmManager expire 10 lines
08-24 08:46:30.770 28525 28575 I chatty  : uid=1000(system) PowerManagerSer expire 11 lines
08-24 08:46:30.777 28525 29006 I chatty  : uid=1000(system) Binder:28525_9 expire 12 lines
08-24 08:46:30.808 28525 31614 I chatty  : uid=1000(system) Binder:28525_1C expire 15 lines
08-24 08:46:30.828 28525 30982 I chatty  : uid=1000(system) Binder:28525_17 expire 10 lines
08-24 08:46:30.946 28525 31613 I chatty  : uid=1000(system) Binder:28525_1B expire 12 lines
08-24 08:46:31.123 28525  6185 I chatty  : uid=1000(system) MobileQosDetect expire 20 lines
08-24 08:46:43.000 28525 28648 I chatty  : uid=1000(system) UEventObserver expire 18 lines
08-24 08:46:52.569  1132  1163 I storaged: storaged_t::event: storage_info refreshed.
08-24 08:46:53.779 28525 31614 I chatty  : uid=1000(system) Binder:28525_1C expire 12 lines
08-24 08:46:58.279 28525 28575 I chatty  : uid=1000(system) PowerManagerSer expire 12 lines
08-24 08:47:04.443 28525 28525 I chatty  : uid=1000(system) Binder:28525_12 expire 8 lines
08-24 08:47:52.570  1132  1163 I storaged: storaged_t::event: storage_info refreshed.
08-24 08:47:53.847 28525 31613 I chatty  : uid=1000(system) Binder:28525_1B expire 4 lines
08-24 08:47:55.200 28525  6185 I chatty  : uid=1000(system) MobileQosDetect expire 7 lines
08-24 08:47:55.862 28525 28566 I chatty  : uid=1000(system) ActivityManager expire 3 lines
08-24 08:47:55.893 30489 30489 D ActivityThread: Attach thread to application
08-24 08:47:55.932 30489 30489 I LoadedApk: makePaths: outLibPaths=[/system/priv-app/ContactsHm/lib/arm64, /system/lib64:/hw_product/lib64:/system/product/lib64]
08-24 08:47:55.937 30489 30507 I ActivityThread: Init compatible state: false
08-24 08:47:55.937 28525 28730 I chatty  : uid=1000(system) Thread-6 expire 6 lines
08-24 08:47:55.938 28525 28558 I chatty  : uid=1000(system) HwActivityTaskM expire 2 lines
08-24 08:47:56.498 30531 30531 D ActivityThread: Attach thread to application
08-24 08:47:56.538 30531 30552 I ActivityThread: Init compatible state: false
08-24 08:47:56.539 30531 30531 I LoadedApk: makePaths: outLibPaths=[/system/priv-app/ContactsProvider/lib/arm64, /system/lib64:/hw_product/lib64:/system/product/lib64]
08-24 08:47:56.551 30489 30489 I ActivityThread: finishPreloaded preloadStatus 0
08-24 08:47:56.555 28525 30982 I chatty  : uid=1000(system) Binder:28525_17 expire 8 lines
08-24 08:47:56.601 28525 28575 I chatty  : uid=1000(system) PowerManagerSer expire 27 lines
08-24 08:47:56.695 28525 30007 I chatty  : uid=1000(system) Binder:28525_14 expire 7 lines
08-24 08:47:56.697 30531 30531 D ActivityThread: Loading provider call_log_shadow: com.android.providers.contacts.ShadowCallLogProvider
08-24 08:47:56.698 30531 30572 D ActivityThread: Loading provider call_log_shadow: com.android.providers.contacts.ShadowCallLogProvider
08-24 08:47:56.741 30531 30531 D ActivityThread: Loading provider contacts;com.android.contacts;contact_starred: com.android.providers.contacts.ContactsProvider2
08-24 08:47:56.864 28525 31599 I chatty  : uid=1000(system) Binder:28525_19 expire 1 line
08-24 08:47:56.867 28525 29001 I chatty  : uid=1000(system) Binder:28525_7 expire 2 lines
08-24 08:47:56.893 30531 30531 I ActivityThread: finishPreloaded preloadStatus 0
08-24 08:47:58.274 28525 28678 I chatty  : uid=1000(system) AlarmManager expire 6 lines
08-24 08:48:15.164 28525 28648 I chatty  : uid=1000(system) UEventObserver expire 6 lines
08-24 08:48:23.880 28525 28543 I chatty  : uid=1000(system) Binder:28525_2 expire 14 lines
08-24 08:48:24.068 30626 30626 D ActivityThread: Attach thread to application
08-24 08:48:24.079 30626 30644 I HwActivityThreadImpl: mSocketName: aa1d4309-6f2a-40dc-b6c5-f214d3933ba8
08-24 08:48:24.079 30626 30644 I HwActivityThreadImpl: initPreloadedSocked end mPreloadStatus 2
08-24 08:48:24.088 30626 30645 I ActivityThread: Init compatible state: false
08-24 08:48:24.098 30626 30626 I LoadedApk: makePaths: outLibPaths=[/data/app/com.huawei.filemanager-R0HV2NT1t-pG5Dmqx3nu8Q==/lib/arm64, /data/app/com.huawei.filemanager-R0HV2NT1t-pG5Dmqx3nu8Q==/base.apk!/lib/arm64-v8a, /system/lib64:/hw_product/lib64:/system/product/lib64]
08-24 08:48:24.122 28525 28575 I chatty  : uid=1000(system) PowerManagerSer expire 1 line
08-24 08:48:24.153 28525 31614 I chatty  : uid=1000(system) Binder:28525_1C expire 16 lines
08-24 08:48:24.219 28525 28543 I chatty  : uid=1000(system) Binder:28525_2 expire 13 lines
08-24 08:48:24.224 28525 28558 I chatty  : uid=1000(system) HwActivityTaskM expire 4 lines
08-24 08:48:24.226 28525 28575 I chatty  : uid=1000(system) PowerManagerSer expire 4 lines
08-24 08:48:24.251 30626 30646 I HwActivityThreadImpl: before connect app.socketName:aa1d4309-6f2a-40dc-b6c5-f214d3933ba8
08-24 08:48:24.255 28525 28559 I chatty  : uid=1000(system) HwGameAssistant expire 1 line
08-24 08:48:24.259 28525 29006 I chatty  : uid=1000(system) Binder:28525_9 expire 19 lines
08-24 08:48:24.263 28525 28730 I chatty  : uid=1000(system) Thread-6 expire 4 lines
08-24 08:48:24.268 28525 28550 I chatty  : uid=1000(system) android.anim expire 27 lines
08-24 08:48:24.270 28525 30007 I chatty  : uid=1000(system) Binder:28525_14 expire 6 lines
08-24 08:48:24.273 28525 28549 I chatty  : uid=1000(system) android.display expire 6 lines
08-24 08:48:24.281 28525 28682 I chatty  : uid=1000(system) sManagerService expire 3 lines
08-24 08:48:24.296 28525 30982 I chatty  : uid=1000(system) Binder:28525_17 expire 17 lines
08-24 08:48:24.301 30626 30626 I HwActivityThreadImpl: accept socket mSocketName: aa1d4309-6f2a-40dc-b6c5-f214d3933ba8
08-24 08:48:24.301 30626 30626 I HwActivityThreadImpl: accept socket end
08-24 08:48:24.302 30626 30626 I HwActivityThreadImpl: acceptPreloadedApplication end mPreloadStatus 3
08-24 08:48:24.302 30626 30646 I HwActivityThreadImpl: connectContinuePreload end mPreloadStatus 3
08-24 08:48:24.312 29048 30050 I HwNetworkPolicyManager: getHwUidPolicy uid = 10160 policy = 0
08-24 08:48:24.333 28525 28547 I chatty  : uid=1000(system) android.ui expire 6 lines
08-24 08:48:24.333 28858 28919 D HwCommandQueue: CommandQueue, set Launcher StatusBar Color
08-24 08:48:24.520 28525 28566 I chatty  : uid=1000(system) ActivityManager expire 5 lines
08-24 08:48:24.548 30684 30684 D ActivityThread: Attach thread to application
08-24 08:48:24.561 30684 30710 I ActivityThread: Init compatible state: false
08-24 08:48:24.568 30684 30684 I LoadedApk: makePaths: outLibPaths=[/data/app/com.huawei.hidisk-B5BdkjlKveFcXRIdYlBTKw==/lib/arm64, /data/app/com.huawei.hidisk-B5BdkjlKveFcXRIdYlBTKw==/base.apk!/lib/arm64-v8a, /system/lib64:/hw_product/lib64:/system/product/lib64]
08-24 08:48:24.670 30626 30626 I ActivityThread: finishPreloaded preloadStatus 3
08-24 08:48:24.670 30626 30626 I ActivityThread: finishPreloaded end preloadStatus 3
08-24 08:48:24.671 30626 30626 I RtgSchedEvent: current pid:30626 AppType:15
08-24 08:48:24.730 30626 30626 V ActivityThread: callActivityOnCreate
08-24 08:48:24.762 30626 30739 W PackageParser: Unknown element under <manifest>: queries at /data/user_de/0/com.huawei.android.hsf/modules/external/huawei_module_networkkit/60000300/networkkit.apk Binary XML file line #14
08-24 08:48:24.796 30626 30739 D SystemConfig: Removed unavailable feature android.hardware.sensor.barometer
08-24 08:48:24.801 30626 30739 W SystemConfig: No directory /product_services/etc/sysconfig, skipping
08-24 08:48:24.801 30626 30739 W SystemConfig: No directory /product_services/etc/permissions, skipping
08-24 08:48:24.802 30626 30739 W SystemConfig: No directory /system/emui/base/sysconfig, skipping
08-24 08:48:24.803 30626 30739 W SystemConfig: No directory /system/emui/china/sysconfig, skipping
08-24 08:48:24.804 30626 30739 W SystemConfig: No directory /system/emui/china_honor/sysconfig, skipping
08-24 08:48:24.804 30626 30739 D SystemConfig: Removed unavailable feature com.huawei.software.features.huawei
08-24 08:48:24.805 30626 30739 W SystemConfig: No directory /system/emui/lite/sysconfig, skipping
08-24 08:48:24.805 30626 30739 D SystemConfig: Removed unavailable feature com.huawei.software.features.full
08-24 08:48:24.805 30626 30739 W SystemConfig: No directory /vendor/etc/sysconfig, skipping
08-24 08:48:24.807 30626 30739 D SystemConfig: Removed unavailable feature android.hardware.sensor.barometer
08-24 08:48:24.811 30626 30739 W SystemConfig: No directory /odm/cust/all/cn/sysconfig, skipping
08-24 08:48:24.811 30626 30739 W SystemConfig: No directory /odm/cust/all/cn/permissions, skipping
08-24 08:48:24.811 30626 30739 W SystemConfig: No directory /odm/etc/sysconfig, skipping
08-24 08:48:24.813 30626 30739 W SystemConfig: No directory /odm/etc/carrier/46002/sysconfig, skipping
08-24 08:48:24.813 30626 30739 W SystemConfig: No directory /odm/etc/carrier/46002/permissions, skipping
08-24 08:48:24.813 30626 30739 W SystemConfig: No directory /odm/hw_odm/JSN-AL10/sysconfig, skipping
08-24 08:48:24.813 30626 30739 W SystemConfig: No directory /odm/hw_odm/JSN-AL10/permissions, skipping
08-24 08:48:24.813 30626 30739 W SystemConfig: No directory /hw_product/etc/sysconfig, skipping
08-24 08:48:24.815 30626 30739 W SystemConfig: No directory /hw_product/etc/carrier/46002/sysconfig, skipping
08-24 08:48:24.815 30626 30739 W SystemConfig: No directory /hw_product/etc/carrier/46002/permissions, skipping
08-24 08:48:24.815 30626 30739 W SystemConfig: No directory /hw_product/region_comm/china/sysconfig, skipping
08-24 08:48:24.817 30626 30739 W SystemConfig: No directory /preas/china/sysconfig, skipping
08-24 08:48:24.820 30626 30739 W SystemConfig: No directory /hw_product/hw_oem/JSN-AL10/sysconfig, skipping
08-24 08:48:24.820 30626 30739 W SystemConfig: No directory /preload/JSN-AL10/all/cn/sysconfig, skipping
08-24 08:48:24.821 30626 30739 W SystemConfig: No directory /cust/global/sysconfig, skipping
08-24 08:48:24.821 30626 30739 W SystemConfig: No directory /cust/global/permissions, skipping
08-24 08:48:24.821 30626 30739 W SystemConfig: No directory /cust/global/carrier/46002/sysconfig, skipping
08-24 08:48:24.821 30626 30739 W SystemConfig: No directory /cust/global/carrier/46002/permissions, skipping
08-24 08:48:24.821 30626 30739 W SystemConfig: No directory /cust/hw/cn/sysconfig, skipping
08-24 08:48:24.821 30626 30739 W SystemConfig: No directory /cust/hw/cn/permissions, skipping
08-24 08:48:24.822 30626 30739 W SystemConfig: No directory /cust/hw/cn/carrier/46002/sysconfig, skipping
08-24 08:48:24.822 30626 30739 W SystemConfig: No directory /cust/hw/cn/carrier/46002/permissions, skipping
08-24 08:48:24.822 30626 30739 W SystemConfig: No directory /version/cust/all/cn/sysconfig, skipping
08-24 08:48:24.822 30626 30739 W SystemConfig: No directory /version/special_cust/JSN-AL10/all/cn/sysconfig, skipping
08-24 08:48:24.823 30626 30739 W SystemConfig: No directory /version/special_cust/JSN-AL10/all/cn/permissions, skipping
08-24 08:48:24.823 30626 30739 W SystemConfig: No directory /version/special_cust/JSN-AL10/all/cn/carrier/46002/sysconfig, skipping
08-24 08:48:24.823 30626 30739 W SystemConfig: No directory /version/special_cust/JSN-AL10/all/cn/carrier/46002/permissions, skipping
08-24 08:48:24.823 30626 30739 W SystemConfig: No directory /cust/cotalite/sysconfig, skipping
08-24 08:48:24.823 30626 30739 W SystemConfig: No directory /cust/cotalite/permissions, skipping
08-24 08:48:24.823 30626 30739 W SystemConfig: No directory /cust/ecota/sysconfig, skipping
08-24 08:48:24.823 30626 30739 W SystemConfig: No directory /cust/ecota/permissions, skipping
08-24 08:48:24.823 30626 30739 I HwCustSystemConfigImpl: start read overlay feature.
08-24 08:48:24.826 30626 30739 I HwCustSystemConfigImpl: overlay feature take effect.
08-24 08:48:24.897 28525 28674 I chatty  : uid=1000(system) Binder:28525_3 expire 19 lines
08-24 08:48:24.939 30626 30626 D ActivityThread: add activity client record, r= ActivityRecord{8820bd9 token=android.os.BinderProxy@c04c43a {com.huawei.filemanager/com.huawei.hidisk.filemanager.FileManager}} token= android.os.BinderProxy@c04c43a
08-24 08:48:24.960 29126  4918 W ContextImpl: Calling a method in the system process without a qualified user: android.app.ContextImpl.bindService:1777 android.content.ContextWrapper.bindService:705 com.huawei.nb.searchmanager.service.f.h:213 com.huawei.nb.searchmanager.service.f.a:812 com.huawei.nb.searchmanager.service.f.a:618 
08-24 08:48:25.026 30626 30626 I RtgSchedEvent: current pid:30626 AppType:15
08-24 08:48:25.052 29075 29493 I NetworkQoeChr: checkForegroundApp timer end
08-24 08:48:25.052 29075 29493 I NetworkQoeChr: start qoe report
08-24 08:48:25.052 29075 29493 E Booster_NetworkQoe: [checkModemParaCollecEnable]checkModemParaCollecEnable: false,mNetworkQoeConditions=254
08-24 08:48:25.083 29075 29493 I SmartDualCardConfig: getAppType,pkgName=com.huawei.filemanager,appType=15
08-24 08:48:25.083 29075 29493 E SmartDualCardConfig: isAppInBlackList false,items==null
08-24 08:48:25.084 29075 29493 I PowerMsgAdapter: addUidChanged uid: 10160
08-24 08:48:25.085 28525 29001 I chatty  : uid=1000(system) Binder:28525_7 expire 17 lines
08-24 08:48:25.086 29075 29493 E ForegroundAppTypeDb: onAppStateChanged send app type failed
08-24 08:48:25.086 29075 29493 E Booster_MatterAppRecommend: [isMatterPackage]invalid mMatterPackagesConfig
08-24 08:48:25.092 28525 28565 I chatty  : uid=1000(system) ActivityManager expire 15 lines
08-24 08:48:25.114 30808 30808 D ActivityThread: Attach thread to application
08-24 08:48:25.208 30808 30808 I LoadedApk: makePaths: outLibPaths=[/hw_product/app/HwSearchService/lib/arm64, /system/lib64:/hw_product/lib64:/system/product/lib64]
08-24 08:48:25.212 30808 30851 I ActivityThread: Init compatible state: false
08-24 08:48:25.216 29126  4918 W ContextImpl: Calling a method in the system process without a qualified user: android.app.ContextImpl.bindService:1777 android.content.ContextWrapper.bindService:705 com.huawei.nb.searchmanager.service.f.h:213 com.huawei.nb.searchmanager.service.f.a:812 com.huawei.nb.searchmanager.service.f.a:618 
08-24 08:48:25.260 30808 30808 I ActivityThread: finishPreloaded preloadStatus 0
08-24 08:48:25.381 29103 31693 W ContextImpl: Calling a method in the system process without a qualified user: android.app.ContextImpl.bindService:1777 android.content.ContextWrapper.bindService:705 ohos.abilityshell.support.O00000O.O000000:709 ohos.abilityshell.support.O00000O.connectAbility:579 ohos.abilityshell.support.O00000o.O000000:153 
08-24 08:48:25.637 29075 13537 I HwAntiTheftService: getDataBlockSizeNative diff68
08-24 08:48:25.647 30626 30897 D HwCustConnectivityManagerImpl: isBlockNetworkRequestByNonAis, INVALID_SUBSCRIPTION_ID
08-24 08:48:25.648 28525 28715 I chatty  : uid=1000(system) ConnectivitySer expire 4 lines
08-24 08:48:25.652 30626 30897 D HwCustConnectivityManagerImpl: isBlockNetworkRequestByNonAis, INVALID_SUBSCRIPTION_ID
08-24 08:48:25.839 30684 30977 W PackageParser: Unknown element under <manifest>: queries at /data/user_de/0/com.huawei.android.hsf/modules/external/huawei_module_networkkit/60000300/networkkit.apk Binary XML file line #14
08-24 08:48:25.959 28858 26184 I HwCommandQueue: updateBarBgColor
08-24 08:48:25.959 28858 26184 D HwCommandQueue: CommandQueue, setBarBackgroundColor
08-24 08:48:25.960 28858 26184 D HwCommandQueue: CommandQueue, set Launcher StatusBar Color
08-24 08:48:26.080 30684 30977 D SystemConfig: Removed unavailable feature android.hardware.sensor.barometer
08-24 08:48:26.093 28525 28525 I chatty  : uid=1000(system) Binder:28525_12 expire 15 lines
08-24 08:48:26.127 30684 30977 W SystemConfig: No directory /product_services/etc/sysconfig, skipping
08-24 08:48:26.128 30684 30977 W SystemConfig: No directory /product_services/etc/permissions, skipping
08-24 08:48:26.143 30684 30977 W SystemConfig: No directory /system/emui/base/sysconfig, skipping
08-24 08:48:26.153 30684 30977 W SystemConfig: No directory /system/emui/china/sysconfig, skipping
08-24 08:48:26.155 30684 30977 W SystemConfig: No directory /system/emui/china_honor/sysconfig, skipping
08-24 08:48:26.156 30684 30977 D SystemConfig: Removed unavailable feature com.huawei.software.features.huawei
08-24 08:48:26.162 30684 30977 W SystemConfig: No directory /system/emui/lite/sysconfig, skipping
08-24 08:48:26.163 30684 30977 D SystemConfig: Removed unavailable feature com.huawei.software.features.full
08-24 08:48:26.166 30684 30977 W SystemConfig: No directory /vendor/etc/sysconfig, skipping
08-24 08:48:26.177 30684 30977 D SystemConfig: Removed unavailable feature android.hardware.sensor.barometer
08-24 08:48:26.190 30684 30977 W SystemConfig: No directory /odm/cust/all/cn/sysconfig, skipping
08-24 08:48:26.190 30684 30977 W SystemConfig: No directory /odm/cust/all/cn/permissions, skipping
08-24 08:48:26.190 30684 30977 W SystemConfig: No directory /odm/etc/sysconfig, skipping
08-24 08:48:26.193 30684 30977 W SystemConfig: No directory /odm/etc/carrier/46002/sysconfig, skipping
08-24 08:48:26.193 30684 30977 W SystemConfig: No directory /odm/etc/carrier/46002/permissions, skipping
08-24 08:48:26.193 30684 30977 W SystemConfig: No directory /odm/hw_odm/JSN-AL10/sysconfig, skipping
08-24 08:48:26.193 30684 30977 W SystemConfig: No directory /odm/hw_odm/JSN-AL10/permissions, skipping
08-24 08:48:26.193 30684 30977 W SystemConfig: No directory /hw_product/etc/sysconfig, skipping
08-24 08:48:26.196 30684 30977 W SystemConfig: No directory /hw_product/etc/carrier/46002/sysconfig, skipping
08-24 08:48:26.196 30684 30977 W SystemConfig: No directory /hw_product/etc/carrier/46002/permissions, skipping
08-24 08:48:26.196 30684 30977 W SystemConfig: No directory /hw_product/region_comm/china/sysconfig, skipping
08-24 08:48:26.198 30684 30977 W SystemConfig: No directory /preas/china/sysconfig, skipping
08-24 08:48:26.203 30684 30977 W SystemConfig: No directory /hw_product/hw_oem/JSN-AL10/sysconfig, skipping
08-24 08:48:26.204 30684 30977 W SystemConfig: No directory /preload/JSN-AL10/all/cn/sysconfig, skipping
08-24 08:48:26.213 30684 30977 W SystemConfig: No directory /cust/global/sysconfig, skipping
08-24 08:48:26.213 30684 30977 W SystemConfig: No directory /cust/global/permissions, skipping
08-24 08:48:26.214 30684 30977 W SystemConfig: No directory /cust/global/carrier/46002/sysconfig, skipping
08-24 08:48:26.214 30684 30977 W SystemConfig: No directory /cust/global/carrier/46002/permissions, skipping
08-24 08:48:26.214 30684 30977 W SystemConfig: No directory /cust/hw/cn/sysconfig, skipping
08-24 08:48:26.217 30684 30977 W SystemConfig: No directory /cust/hw/cn/permissions, skipping
08-24 08:48:26.217 30684 30977 W SystemConfig: No directory /cust/hw/cn/carrier/46002/sysconfig, skipping
08-24 08:48:26.217 30684 30977 W SystemConfig: No directory /cust/hw/cn/carrier/46002/permissions, skipping
08-24 08:48:26.218 30684 30977 W SystemConfig: No directory /version/cust/all/cn/sysconfig, skipping
08-24 08:48:26.219 30684 30977 W SystemConfig: No directory /version/special_cust/JSN-AL10/all/cn/sysconfig, skipping
08-24 08:48:26.220 30684 30977 W SystemConfig: No directory /version/special_cust/JSN-AL10/all/cn/permissions, skipping
08-24 08:48:26.220 30684 30977 W SystemConfig: No directory /version/special_cust/JSN-AL10/all/cn/carrier/46002/sysconfig, skipping
08-24 08:48:26.220 30684 30977 W SystemConfig: No directory /version/special_cust/JSN-AL10/all/cn/carrier/46002/permissions, skipping
08-24 08:48:26.221 30684 30977 W SystemConfig: No directory /cust/cotalite/sysconfig, skipping
08-24 08:48:26.221 30684 30977 W SystemConfig: No directory /cust/cotalite/permissions, skipping
08-24 08:48:26.222 30684 30977 W SystemConfig: No directory /cust/ecota/sysconfig, skipping
08-24 08:48:26.222 30684 30977 W SystemConfig: No directory /cust/ecota/permissions, skipping
08-24 08:48:26.222 30684 30977 I HwCustSystemConfigImpl: start read overlay feature.
08-24 08:48:26.231 30684 30977 I HwCustSystemConfigImpl: overlay feature take effect.
08-24 08:48:26.335 31121 31121 D ActivityThread: Attach thread to application
08-24 08:48:26.394 31121 31121 I LoadedApk: makePaths: outLibPaths=[/data/app/com.huawei.hidisk-B5BdkjlKveFcXRIdYlBTKw==/lib/arm64, /data/app/com.huawei.hidisk-B5BdkjlKveFcXRIdYlBTKw==/base.apk!/lib/arm64-v8a, /system/lib64:/hw_product/lib64:/system/product/lib64]
08-24 08:48:26.424 28858 26184 D HwCommandQueue: CommandQueue, set Launcher StatusBar Color
08-24 08:48:26.513 29075  9863 I HwAntiTheftService: getDataBlockSizeNative diff151
08-24 08:48:26.562 31162 31162 D ActivityThread: Attach thread to application
08-24 08:48:26.565 28525 31613 I chatty  : uid=1000(system) Binder:28525_1B expire 2 lines
08-24 08:48:26.577 31121 31156 I ActivityThread: Init compatible state: false
08-24 08:48:26.609 31183 31183 D ActivityThread: Attach thread to application
08-24 08:48:26.654 28525 30887 I chatty  : uid=1000(system) Binder:28525_16 expire 5 lines
08-24 08:48:26.701 28525 31599 I chatty  : uid=1000(system) Binder:28525_19 expire 15 lines
08-24 08:48:26.719 31183 31183 I LoadedApk: makePaths: outLibPaths=[/data/app/com.huawei.hidisk-B5BdkjlKveFcXRIdYlBTKw==/lib/arm64, /data/app/com.huawei.hidisk-B5BdkjlKveFcXRIdYlBTKw==/base.apk!/lib/arm64-v8a, /system/lib64:/hw_product/lib64:/system/product/lib64]
