08-24 08:32:21.887 24938 27803 I Resources: LockDpi original config :{1.30001 460mcc2mnc [zh_CN_#Hans] ldltr sw320dp w320dp h668dp 540dpi nrml long port finger -keyb/v/h -nav/h winConfig={ mBounds=Rect(0, 0 - 1080, 2340) mAppBounds=Rect(0, 85 - 1080, 2340) mWindowingMode=fullscreen mDisplayWindowingMode=fullscreen mActivityType=undefined mAlwaysOnTop=undefined mRotation=ROTATION_0} suim:1 fontWeightScale:100 s.16} mLockDpi = true densityDpi = 540 dpi = 540
08-24 08:32:21.889 24938 27803 I LoadedApk: makePaths: outLibPaths=[/system/priv-app/HwEmailHm/lib/arm64, /system/lib64:/hw_product/lib64:/system/product/lib64]
08-24 08:32:21.922 28525 28877 I chatty  : uid=1000(system) Binder:28525_4 expire 29 lines
08-24 08:32:21.926 28525 28707 I chatty  : uid=1000(system) ClientModeImpl expire 1 line
08-24 08:32:21.938 24912 27767 D SystemConfig: Removed unavailable feature android.hardware.sensor.barometer
08-24 08:32:21.952 24912 27767 W SystemConfig: No directory /product_services/etc/sysconfig, skipping
08-24 08:32:21.953 24912 27767 W SystemConfig: No directory /product_services/etc/permissions, skipping
08-24 08:32:21.965 24938 27803 I Resources: LockDpi original config :{1.30001 460mcc2mnc [zh_CN_#Hans] ldltr sw320dp w320dp h668dp 540dpi nrml long port finger -keyb/v/h -nav/h winConfig={ mBounds=Rect(0, 0 - 1080, 2340) mAppBounds=Rect(0, 85 - 1080, 2340) mWindowingMode=fullscreen mDisplayWindowingMode=fullscreen mActivityType=undefined mAlwaysOnTop=undefined mRotation=ROTATION_0} suim:1 fontWeightScale:100 s.16} mLockDpi = true densityDpi = 540 dpi = 540
08-24 08:32:21.965 24912 27767 W SystemConfig: No directory /system/emui/base/sysconfig, skipping
08-24 08:32:21.968 24912 27767 W SystemConfig: No directory /system/emui/china/sysconfig, skipping
08-24 08:32:21.970 24912 27767 W SystemConfig: No directory /system/emui/china_honor/sysconfig, skipping
08-24 08:32:21.971 24912 27767 D SystemConfig: Removed unavailable feature com.huawei.software.features.huawei
08-24 08:32:21.971 24912 27767 W SystemConfig: No directory /system/emui/lite/sysconfig, skipping
08-24 08:32:21.973 24912 27767 D SystemConfig: Removed unavailable feature com.huawei.software.features.full
08-24 08:32:21.973 24912 27767 W SystemConfig: No directory /vendor/etc/sysconfig, skipping
08-24 08:32:21.978 24912 27767 D SystemConfig: Removed unavailable feature android.hardware.sensor.barometer
08-24 08:32:21.981 24938 27803 I Resources: LockDpi original config :{1.30001 460mcc2mnc [zh_CN_#Hans] ldltr sw320dp w320dp h668dp 540dpi nrml long port finger -keyb/v/h -nav/h winConfig={ mBounds=Rect(0, 0 - 1080, 2340) mAppBounds=Rect(0, 85 - 1080, 2340) mWindowingMode=fullscreen mDisplayWindowingMode=fullscreen mActivityType=undefined mAlwaysOnTop=undefined mRotation=ROTATION_0} suim:1 fontWeightScale:100 s.16} mLockDpi = true densityDpi = 540 dpi = 540
08-24 08:32:21.987 24912 27767 W SystemConfig: No directory /odm/cust/all/cn/sysconfig, skipping
08-24 08:32:21.988 24912 27767 W SystemConfig: No directory /odm/cust/all/cn/permissions, skipping
08-24 08:32:21.988 24912 27767 W SystemConfig: No directory /odm/etc/sysconfig, skipping
08-24 08:32:21.992 24912 27767 W SystemConfig: No directory /odm/etc/carrier/46002/sysconfig, skipping
08-24 08:32:21.992 24912 27767 W SystemConfig: No directory /odm/etc/carrier/46002/permissions, skipping
08-24 08:32:21.992 24912 27767 W SystemConfig: No directory /odm/hw_odm/JSN-AL10/sysconfig, skipping
08-24 08:32:21.992 24912 27767 W SystemConfig: No directory /odm/hw_odm/JSN-AL10/permissions, skipping
08-24 08:32:21.992 24912 27767 W SystemConfig: No directory /hw_product/etc/sysconfig, skipping
08-24 08:32:22.003 24912 27767 W SystemConfig: No directory /hw_product/etc/carrier/46002/sysconfig, skipping
08-24 08:32:22.003 24912 27767 W SystemConfig: No directory /hw_product/etc/carrier/46002/permissions, skipping
08-24 08:32:22.003 24912 27767 W SystemConfig: No directory /hw_product/region_comm/china/sysconfig, skipping
08-24 08:32:22.010 24912 27767 W SystemConfig: No directory /preas/china/sysconfig, skipping
08-24 08:32:22.020 24912 27767 W SystemConfig: No directory /hw_product/hw_oem/JSN-AL10/sysconfig, skipping
08-24 08:32:22.023 24912 27767 W SystemConfig: No directory /preload/JSN-AL10/all/cn/sysconfig, skipping
08-24 08:32:22.025 24912 27767 W SystemConfig: No directory /cust/global/sysconfig, skipping
08-24 08:32:22.025 24912 27767 W SystemConfig: No directory /cust/global/permissions, skipping
08-24 08:32:22.028 24912 27767 W SystemConfig: No directory /cust/global/carrier/46002/sysconfig, skipping
08-24 08:32:22.028 24912 27767 W SystemConfig: No directory /cust/global/carrier/46002/permissions, skipping
08-24 08:32:22.028 24912 27767 W SystemConfig: No directory /cust/hw/cn/sysconfig, skipping
08-24 08:32:22.028 24912 27767 W SystemConfig: No directory /cust/hw/cn/permissions, skipping
08-24 08:32:22.029 24912 27767 W SystemConfig: No directory /cust/hw/cn/carrier/46002/sysconfig, skipping
08-24 08:32:22.029 24912 27767 W SystemConfig: No directory /cust/hw/cn/carrier/46002/permissions, skipping
08-24 08:32:22.029 24912 27767 W SystemConfig: No directory /version/cust/all/cn/sysconfig, skipping
08-24 08:32:22.030 24912 27767 W SystemConfig: No directory /version/special_cust/JSN-AL10/all/cn/sysconfig, skipping
08-24 08:32:22.030 24912 27767 W SystemConfig: No directory /version/special_cust/JSN-AL10/all/cn/permissions, skipping
08-24 08:32:22.031 28525 29002 I chatty  : uid=1000(system) Binder:28525_8 expire 4 lines
08-24 08:32:22.031 24912 27767 W SystemConfig: No directory /version/special_cust/JSN-AL10/all/cn/carrier/46002/sysconfig, skipping
08-24 08:32:22.031 24912 27767 W SystemConfig: No directory /version/special_cust/JSN-AL10/all/cn/carrier/46002/permissions, skipping
08-24 08:32:22.031 24912 27767 W SystemConfig: No directory /cust/cotalite/sysconfig, skipping
08-24 08:32:22.031 24912 27767 W SystemConfig: No directory /cust/cotalite/permissions, skipping
08-24 08:32:22.031 24912 27767 W SystemConfig: No directory /cust/ecota/sysconfig, skipping
08-24 08:32:22.031 24912 27767 W SystemConfig: No directory /cust/ecota/permissions, skipping
08-24 08:32:22.032 24912 27767 I HwCustSystemConfigImpl: start read overlay feature.
08-24 08:32:22.044 24912 27767 I HwCustSystemConfigImpl: overlay feature take effect.
08-24 08:32:22.089 24938 27811 I Resources: LockDpi original config :{1.30001 460mcc2mnc [zh_CN_#Hans] ldltr sw320dp w320dp h668dp 540dpi nrml long port finger -keyb/v/h -nav/h winConfig={ mBounds=Rect(0, 0 - 1080, 2340) mAppBounds=Rect(0, 85 - 1080, 2340) mWindowingMode=fullscreen mDisplayWindowingMode=fullscreen mActivityType=undefined mAlwaysOnTop=undefined mRotation=ROTATION_0} suim:1 fontWeightScale:100 s.16} mLockDpi = true densityDpi = 540 dpi = 540
08-24 08:32:22.111 24938 27803 I Resources: LockDpi original config :{1.30001 460mcc2mnc [zh_CN_#Hans] ldltr sw320dp w320dp h668dp 540dpi nrml long port finger -keyb/v/h -nav/h winConfig={ mBounds=Rect(0, 0 - 1080, 2340) mAppBounds=Rect(0, 85 - 1080, 2340) mWindowingMode=fullscreen mDisplayWindowingMode=fullscreen mActivityType=undefined mAlwaysOnTop=undefined mRotation=ROTATION_0} suim:1 fontWeightScale:100 s.16} mLockDpi = true densityDpi = 540 dpi = 540
08-24 08:32:22.114 24938 27803 I LoadedApk: makePaths: outLibPaths=[/system/priv-app/HwNotePadHm/lib/arm64, /system/priv-app/HwNotePadHm/HwNotePadHm_signed_entry.apk!/lib/arm64-v8a, /system/priv-app/HwNotePadHm/notepad_release_signed_feature.apk!/lib/arm64-v8a, /system/lib64:/hw_product/lib64:/system/product/lib64]
08-24 08:32:22.132 28525 29190 I chatty  : uid=1000(system) Binder:28525_10 expire 26 lines
08-24 08:32:22.228 28525  6185 I chatty  : uid=1000(system) MobileQosDetect expire 3 lines
08-24 08:32:22.253 24938 27811 I Resources: LockDpi original config :{1.30001 460mcc2mnc [zh_CN_#Hans] ldltr sw320dp w320dp h668dp 540dpi nrml long port finger -keyb/v/h -nav/h winConfig={ mBounds=Rect(0, 0 - 1080, 2340) mAppBounds=Rect(0, 85 - 1080, 2340) mWindowingMode=fullscreen mDisplayWindowingMode=fullscreen mActivityType=undefined mAlwaysOnTop=undefined mRotation=ROTATION_0} suim:1 fontWeightScale:100 s.16} mLockDpi = true densityDpi = 540 dpi = 540
08-24 08:32:22.399 24938 27803 I Resources: LockDpi original config :{1.30001 460mcc2mnc [zh_CN_#Hans] ldltr sw320dp w320dp h668dp 540dpi nrml long port finger -keyb/v/h -nav/h winConfig={ mBounds=Rect(0, 0 - 1080, 2340) mAppBounds=Rect(0, 85 - 1080, 2340) mWindowingMode=fullscreen mDisplayWindowingMode=fullscreen mActivityType=undefined mAlwaysOnTop=undefined mRotation=ROTATION_0} suim:1 fontWeightScale:100 s.16} mLockDpi = true densityDpi = 540 dpi = 540
08-24 08:32:22.418 24938 27803 I Resources: LockDpi original config :{1.30001 460mcc2mnc [zh_CN_#Hans] ldltr sw320dp w320dp h668dp 540dpi nrml long port finger -keyb/v/h -nav/h winConfig={ mBounds=Rect(0, 0 - 1080, 2340) mAppBounds=Rect(0, 85 - 1080, 2340) mWindowingMode=fullscreen mDisplayWindowingMode=fullscreen mActivityType=undefined mAlwaysOnTop=undefined mRotation=ROTATION_0} suim:1 fontWeightScale:100 s.16} mLockDpi = true densityDpi = 540 dpi = 540
08-24 08:32:22.420 24938 27803 I LoadedApk: makePaths: outLibPaths=[/data/app/com.huawei.android.totemweather-hCa81PW5GA6fNPQz3Ry33w==/lib/arm64, /data/app/com.huawei.android.totemweather-hCa81PW5GA6fNPQz3Ry33w==/base.apk!/lib/arm64-v8a, /data/app/com.huawei.android.totemweather-hCa81PW5GA6fNPQz3Ry33w==/split_facard.apk!/lib/arm64-v8a, /system/lib64:/hw_product/lib64:/system/product/lib64]
08-24 08:32:22.472 24938 27803 I Resources: LockDpi original config :{1.30001 460mcc2mnc [zh_CN_#Hans] ldltr sw320dp w320dp h668dp 540dpi nrml long port finger -keyb/v/h -nav/h winConfig={ mBounds=Rect(0, 0 - 1080, 2340) mAppBounds=Rect(0, 85 - 1080, 2340) mWindowingMode=fullscreen mDisplayWindowingMode=fullscreen mActivityType=undefined mAlwaysOnTop=undefined mRotation=ROTATION_0} suim:1 fontWeightScale:100 s.16} mLockDpi = true densityDpi = 540 dpi = 540
08-24 08:32:22.491 24938 27803 I Resources: LockDpi original config :{1.30001 460mcc2mnc [zh_CN_#Hans] ldltr sw320dp w320dp h668dp 540dpi nrml long port finger -keyb/v/h -nav/h winConfig={ mBounds=Rect(0, 0 - 1080, 2340) mAppBounds=Rect(0, 85 - 1080, 2340) mWindowingMode=fullscreen mDisplayWindowingMode=fullscreen mActivityType=undefined mAlwaysOnTop=undefined mRotation=ROTATION_0} suim:1 fontWeightScale:100 s.16} mLockDpi = true densityDpi = 540 dpi = 540
08-24 08:32:22.619 24938 27803 I Resources: LockDpi original config :{1.30001 460mcc2mnc [zh_CN_#Hans] ldltr sw320dp w320dp h668dp 540dpi nrml long port finger -keyb/v/h -nav/h winConfig={ mBounds=Rect(0, 0 - 1080, 2340) mAppBounds=Rect(0, 85 - 1080, 2340) mWindowingMode=fullscreen mDisplayWindowingMode=fullscreen mActivityType=undefined mAlwaysOnTop=undefined mRotation=ROTATION_0} suim:1 fontWeightScale:100 s.16} mLockDpi = true densityDpi = 540 dpi = 540
08-24 08:32:22.634 24938 27803 I chatty  : uid=10144(com.huawei.ohos.famanager) SearchHmService identical 1 line
08-24 08:32:22.652 24938 27803 I Resources: LockDpi original config :{1.30001 460mcc2mnc [zh_CN_#Hans] ldltr sw320dp w320dp h668dp 540dpi nrml long port finger -keyb/v/h -nav/h winConfig={ mBounds=Rect(0, 0 - 1080, 2340) mAppBounds=Rect(0, 85 - 1080, 2340) mWindowingMode=fullscreen mDisplayWindowingMode=fullscreen mActivityType=undefined mAlwaysOnTop=undefined mRotation=ROTATION_0} suim:1 fontWeightScale:100 s.16} mLockDpi = true densityDpi = 540 dpi = 540
08-24 08:32:22.655 24938 27803 I LoadedApk: makePaths: outLibPaths=[/data/app/com.huawei.meetime-q6y0mXPYh3XvCu3pwaYEmw==/lib/arm64, /data/app/com.huawei.meetime-q6y0mXPYh3XvCu3pwaYEmw==/base.apk!/lib/arm64-v8a, /data/app/com.huawei.meetime-q6y0mXPYh3XvCu3pwaYEmw==/split_hicontacts_fa.apk!/lib/arm64-v8a, /data/app/com.huawei.meetime-q6y0mXPYh3XvCu3pwaYEmw==/split_redpacket.apk!/lib/arm64-v8a, /system/priv-app/HwCameraKit/HwCameraKit.apk!/lib/arm64-v8a, /system/lib64:/hw_product/lib64:/system/product/lib64]
08-24 08:32:22.701 24938 27803 I Resources: LockDpi original config :{1.30001 460mcc2mnc [zh_CN_#Hans] ldltr sw320dp w320dp h668dp 540dpi nrml long port finger -keyb/v/h -nav/h winConfig={ mBounds=Rect(0, 0 - 1080, 2340) mAppBounds=Rect(0, 85 - 1080, 2340) mWindowingMode=fullscreen mDisplayWindowingMode=fullscreen mActivityType=undefined mAlwaysOnTop=undefined mRotation=ROTATION_0} suim:1 fontWeightScale:100 s.16} mLockDpi = true densityDpi = 540 dpi = 540
08-24 08:32:22.748 24938 27803 I Resources: LockDpi original config :{1.30001 460mcc2mnc [zh_CN_#Hans] ldltr sw320dp w320dp h668dp 540dpi nrml long port finger -keyb/v/h -nav/h winConfig={ mBounds=Rect(0, 0 - 1080, 2340) mAppBounds=Rect(0, 85 - 1080, 2340) mWindowingMode=fullscreen mDisplayWindowingMode=fullscreen mActivityType=undefined mAlwaysOnTop=undefined mRotation=ROTATION_0} suim:1 fontWeightScale:100 s.16} mLockDpi = true densityDpi = 540 dpi = 540
08-24 08:32:22.753 28525 28674 I chatty  : uid=1000(system) Binder:28525_3 expire 34 lines
08-24 08:32:22.759 24938 27803 I Resources: LockDpi original config :{1.30001 460mcc2mnc [zh_CN_#Hans] ldltr sw320dp w320dp h668dp 540dpi nrml long port finger -keyb/v/h -nav/h winConfig={ mBounds=Rect(0, 0 - 1080, 2340) mAppBounds=Rect(0, 85 - 1080, 2340) mWindowingMode=fullscreen mDisplayWindowingMode=fullscreen mActivityType=undefined mAlwaysOnTop=undefined mRotation=ROTATION_0} suim:1 fontWeightScale:100 s.16} mLockDpi = true densityDpi = 540 dpi = 540
08-24 08:32:22.804 24938 27803 I Resources: LockDpi original config :{1.30001 460mcc2mnc [zh_CN_#Hans] ldltr sw320dp w320dp h668dp 540dpi nrml long port finger -keyb/v/h -nav/h winConfig={ mBounds=Rect(0, 0 - 1080, 2340) mAppBounds=Rect(0, 85 - 1080, 2340) mWindowingMode=fullscreen mDisplayWindowingMode=fullscreen mActivityType=undefined mAlwaysOnTop=undefined mRotation=ROTATION_0} suim:1 fontWeightScale:100 s.16} mLockDpi = true densityDpi = 540 dpi = 540
08-24 08:32:22.808 28525 28566 I chatty  : uid=1000(system) ActivityManager expire 10 lines
08-24 08:32:22.834 28022 28022 D ActivityThread: Attach thread to application
08-24 08:32:22.838 28525 28648 I chatty  : uid=1000(system) UEventObserver expire 6 lines
08-24 08:32:22.851 24938 27811 I Resources: LockDpi original config :{1.30001 460mcc2mnc [zh_CN_#Hans] ldltr sw320dp w320dp h668dp 540dpi nrml long port finger -keyb/v/h -nav/h winConfig={ mBounds=Rect(0, 0 - 1080, 2340) mAppBounds=Rect(0, 85 - 1080, 2340) mWindowingMode=fullscreen mDisplayWindowingMode=fullscreen mActivityType=undefined mAlwaysOnTop=undefined mRotation=ROTATION_0} suim:1 fontWeightScale:100 s.16} mLockDpi = true densityDpi = 540 dpi = 540
08-24 08:32:22.861 24938 27803 I Resources: LockDpi original config :{1.30001 460mcc2mnc [zh_CN_#Hans] ldltr sw320dp w320dp h668dp 540dpi nrml long port finger -keyb/v/h -nav/h winConfig={ mBounds=Rect(0, 0 - 1080, 2340) mAppBounds=Rect(0, 85 - 1080, 2340) mWindowingMode=fullscreen mDisplayWindowingMode=fullscreen mActivityType=undefined mAlwaysOnTop=undefined mRotation=ROTATION_0} suim:1 fontWeightScale:100 s.16} mLockDpi = true densityDpi = 540 dpi = 540
08-24 08:32:22.905 24938 27803 I Resources: LockDpi original config :{1.30001 460mcc2mnc [zh_CN_#Hans] ldltr sw320dp w320dp h668dp 540dpi nrml long port finger -keyb/v/h -nav/h winConfig={ mBounds=Rect(0, 0 - 1080, 2340) mAppBounds=Rect(0, 85 - 1080, 2340) mWindowingMode=fullscreen mDisplayWindowingMode=fullscreen mActivityType=undefined mAlwaysOnTop=undefined mRotation=ROTATION_0} suim:1 fontWeightScale:100 s.16} mLockDpi = true densityDpi = 540 dpi = 540
08-24 08:32:22.916 27751 27751 D HwCustConnectivityManagerImpl: isBlockNetworkRequestByNonAis, INVALID_SUBSCRIPTION_ID
08-24 08:32:22.919 28525 28715 I chatty  : uid=1000(system) ConnectivitySer expire 4 lines
08-24 08:32:22.942 28055 28055 D ActivityThread: Attach thread to application
08-24 08:32:22.945 28022 28043 I ActivityThread: Init compatible state: false
08-24 08:32:22.955 28055 28074 I ActivityThread: Init compatible state: false
08-24 08:32:22.961 28055 28055 I LoadedApk: appendApkLibPathIfNeeded: applicationInfo.primaryCpuAbi is null
08-24 08:32:22.961 28055 28055 I LoadedApk: makePaths: outLibPaths=[/system/app/HwTrustSpace/lib/arm64, /system/app/HwJetPack/HwJetPack.apk!/lib/arm64-v8a, /system/lib64:/hw_product/lib64:/system/product/lib64]
08-24 08:32:23.001 24938 27811 I Resources: LockDpi original config :{1.30001 460mcc2mnc [zh_CN_#Hans] ldltr sw320dp w320dp h668dp 540dpi nrml long port finger -keyb/v/h -nav/h winConfig={ mBounds=Rect(0, 0 - 1080, 2340) mAppBounds=Rect(0, 85 - 1080, 2340) mWindowingMode=fullscreen mDisplayWindowingMode=fullscreen mActivityType=undefined mAlwaysOnTop=undefined mRotation=ROTATION_0} suim:1 fontWeightScale:100 s.16} mLockDpi = true densityDpi = 540 dpi = 540
08-24 08:32:23.016 24938 27803 I Resources: LockDpi original config :{1.30001 460mcc2mnc [zh_CN_#Hans] ldltr sw320dp w320dp h668dp 540dpi nrml long port finger -keyb/v/h -nav/h winConfig={ mBounds=Rect(0, 0 - 1080, 2340) mAppBounds=Rect(0, 85 - 1080, 2340) mWindowingMode=fullscreen mDisplayWindowingMode=fullscreen mActivityType=undefined mAlwaysOnTop=undefined mRotation=ROTATION_0} suim:1 fontWeightScale:100 s.16} mLockDpi = true densityDpi = 540 dpi = 540
08-24 08:32:23.066 28055 28055 I ActivityThread: finishPreloaded preloadStatus 0
08-24 08:32:23.097 28085 28085 D ActivityThread: Attach thread to application
08-24 08:32:23.107 28085 28085 I Resources: LockDpi original config :{1.30001 460mcc2mnc [zh_CN_#Hans] ldltr sw320dp w320dp h668dp 540dpi nrml long port finger -keyb/v/h -nav/h winConfig={ mBounds=Rect(0, 0 - 1080, 2340) mAppBounds=Rect(0, 85 - 1080, 2340) mWindowingMode=fullscreen mDisplayWindowingMode=fullscreen mActivityType=undefined mAlwaysOnTop=undefined mRotation=ROTATION_0} suim:1 fontWeightScale:100 s.16} mLockDpi = true densityDpi = 540 dpi = 540
08-24 08:32:23.109 28085 28103 I ActivityThread: Init compatible state: true
08-24 08:32:23.114 28085 28085 I LoadedApk: makePaths: outLibPaths=[/system/priv-app/HiSearchHm/lib/arm64, /system/lib64:/hw_product/lib64:/system/product/lib64]
08-24 08:32:23.120 28022 28022 E LoadedApk: Unable to instantiate appComponentFactory
08-24 08:32:23.120 28022 28022 E LoadedApk: java.lang.ClassNotFoundException: Didn't find class "androidx.core.app.CoreComponentFactory" on path: DexPathList[[zip file "/data/app/com.huawei.parentcontrol-B1F0CB_1HyzxoTdtBEB0ug==/base.apk"],nativeLibraryDirectories=[/data/app/com.huawei.parentcontrol-B1F0CB_1HyzxoTdtBEB0ug==/lib/arm64, /system/lib64, /hw_product/lib64, /system/product/lib64]]
08-24 08:32:23.120 28022 28022 E LoadedApk: 	at dalvik.system.BaseDexClassLoader.findClass(BaseDexClassLoader.java:209)
08-24 08:32:23.120 28022 28022 E LoadedApk: 	at java.lang.ClassLoader.loadClass(ClassLoader.java:379)
08-24 08:32:23.120 28022 28022 E LoadedApk: 	at java.lang.ClassLoader.loadClass(ClassLoader.java:312)
08-24 08:32:23.120 28022 28022 E LoadedApk: 	at android.app.LoadedApk.createAppFactory(LoadedApk.java:270)
08-24 08:32:23.120 28022 28022 E LoadedApk: 	at android.app.LoadedApk.createOrUpdateClassLoaderLocked(LoadedApk.java:1005)
08-24 08:32:23.120 28022 28022 E LoadedApk: 	at android.app.LoadedApk.getClassLoader(LoadedApk.java:1129)
08-24 08:32:23.120 28022 28022 E LoadedApk: 	at android.app.LoadedApk.getResources(LoadedApk.java:1419)
08-24 08:32:23.120 28022 28022 E LoadedApk: 	at android.app.ContextImpl.createAppContext(ContextImpl.java:2662)
08-24 08:32:23.120 28022 28022 E LoadedApk: 	at android.app.ContextImpl.createAppContext(ContextImpl.java:2644)
08-24 08:32:23.120 28022 28022 E LoadedApk: 	at android.app.ActivityThread.handleBindApplication(ActivityThread.java:7452)
08-24 08:32:23.120 28022 28022 E LoadedApk: 	at android.app.ActivityThread.access$2600(ActivityThread.java:260)
08-24 08:32:23.120 28022 28022 E LoadedApk: 	at android.app.ActivityThread$H.handleMessage(ActivityThread.java:2435)
08-24 08:32:23.120 28022 28022 E LoadedApk: 	at android.os.Handler.dispatchMessage(Handler.java:110)
08-24 08:32:23.120 28022 28022 E LoadedApk: 	at android.os.Looper.loop(Looper.java:219)
08-24 08:32:23.120 28022 28022 E LoadedApk: 	at android.app.ActivityThread.main(ActivityThread.java:8668)
08-24 08:32:23.120 28022 28022 E LoadedApk: 	at java.lang.reflect.Method.invoke(Native Method)
08-24 08:32:23.120 28022 28022 E LoadedApk: 	at com.android.internal.os.RuntimeInit$MethodAndArgsCaller.run(RuntimeInit.java:513)
08-24 08:32:23.120 28022 28022 E LoadedApk: 	at com.android.internal.os.ZygoteInit.main(ZygoteInit.java:1109)
08-24 08:32:23.151 28085 28085 I Resources: LockDpi original config :{1.30001 460mcc2mnc [zh_CN_#Hans] ldltr sw320dp w320dp h668dp 540dpi nrml long port finger -keyb/v/h -nav/h winConfig={ mBounds=Rect(0, 0 - 1080, 2340) mAppBounds=Rect(0, 85 - 1080, 2340) mWindowingMode=fullscreen mDisplayWindowingMode=fullscreen mActivityType=undefined mAlwaysOnTop=undefined mRotation=ROTATION_0} suim:1 fontWeightScale:100 s.16} mLockDpi = true densityDpi = 540 dpi = 540
08-24 08:32:23.154 28525 29188 I chatty  : uid=1000(system) Binder:28525_F expire 11 lines
08-24 08:32:23.255 28085 28085 I Resources: LockDpi original config :{1.30001 460mcc2mnc [zh_CN_#Hans] ldltr sw320dp w320dp h668dp 540dpi nrml long port finger -keyb/v/h -nav/h winConfig={ mBounds=Rect(0, 0 - 1080, 2340) mAppBounds=Rect(0, 85 - 1080, 2340) mWindowingMode=fullscreen mDisplayWindowingMode=fullscreen mActivityType=undefined mAlwaysOnTop=undefined mRotation=ROTATION_0} suim:1 fontWeightScale:100 s.16} mLockDpi = true densityDpi = 540 dpi = 540
08-24 08:32:23.290 28085 28085 I ActivityThread: finishPreloaded preloadStatus 0
08-24 08:32:23.386 29126 32249 W ContextImpl: Calling a method in the system process without a qualified user: android.app.ContextImpl.bindService:1777 android.content.ContextWrapper.bindService:705 com.huawei.nb.searchmanager.service.f.h:213 com.huawei.nb.searchmanager.service.f.a:1196 com.huawei.searchservice.service.a.deleteByTerm:302 
08-24 08:32:23.439 28144 28144 D ActivityThread: Attach thread to application
08-24 08:32:23.463 27751 27751 I ActivityThread: finishPreloaded preloadStatus 0
08-24 08:32:23.466 28144 28144 I LoadedApk: makePaths: outLibPaths=[/hw_product/app/HwSearchService/lib/arm64, /system/lib64:/hw_product/lib64:/system/product/lib64]
08-24 08:32:23.470 28144 28170 I ActivityThread: Init compatible state: false
08-24 08:32:23.508 28144 28144 I ActivityThread: finishPreloaded preloadStatus 0
08-24 08:32:23.736 28022 28022 I ActivityThread: finishPreloaded preloadStatus 0
08-24 08:32:24.180 28525 28565 I chatty  : uid=1000(system) ActivityManager expire 14 lines
08-24 08:32:24.221 28233 28233 D ActivityThread: Attach thread to application
08-24 08:32:24.285 28233 28259 I ActivityThread: Init compatible state: false
08-24 08:32:24.336 28233 28233 I LoadedApk: makePaths: outLibPaths=[/system/priv-app/Settings/lib/arm64, /system/priv-app/Settings/Settings.apk!/lib/arm64-v8a, /system/priv-app/Settings/Resolution.apk!/lib/arm64-v8a, /system/priv-app/Settings/SettingsTheme.apk!/lib/arm64-v8a, /system/lib64:/hw_product/lib64:/system/product/lib64]
08-24 08:32:24.809 27751 28199 D HwCustConnectivityManagerImpl: isBlockNetworkRequestByNonAis, INVALID_SUBSCRIPTION_ID
08-24 08:32:25.235 28233 28233 I FaceRecognizeManagerFactory: load actual implementation successfully.
08-24 08:32:25.236 28233 28233 I FaceRecognizeManagerFactoryImpl: get FaceRecognizeManagerImpl.
08-24 08:32:25.236 28233 28233 D FaceRecognizeManagerImpl: init the message handler!
08-24 08:32:25.242 28233 28233 D FaceRecognizeManagerImpl: New FaceRecognize Sdk Instance
08-24 08:32:25.252 28233 28233 I ActivityThread: finishPreloaded preloadStatus 0
08-24 08:32:25.271 28233 28233 W ContextImpl: Calling a method in the system process without a qualified user: android.app.ContextImpl.startService:1698 android.content.ContextWrapper.startService:669 android.content.ContextWrapper.startService:669 com.android.settings.applications.BlackListReceiver.onReceive:48 android.app.ActivityThread.handleReceiver:4637 
08-24 08:32:25.349 28317 28317 D ActivityThread: Attach thread to application
08-24 08:32:25.403 28317 28335 I ActivityThread: Init compatible state: false
08-24 08:32:25.535 29307 29504 I Resources: LockDpi original config :{1.30001 460mcc2mnc [zh_CN_#Hans] ldltr sw320dp w320dp h668dp 540dpi nrml long port finger -keyb/v/h -nav/h winConfig={ mBounds=Rect(0, 0 - 1080, 2340) mAppBounds=Rect(0, 85 - 1080, 2340) mWindowingMode=fullscreen mDisplayWindowingMode=fullscreen mActivityType=undefined mAlwaysOnTop=undefined mRotation=ROTATION_0} suim:1 fontWeightScale:100 s.29} mLockDpi = true densityDpi = 540 dpi = 540
08-24 08:32:25.632 29307 29504 I Resources: LockDpi original config :{1.30001 460mcc2mnc [zh_CN_#Hans] ldltr sw320dp w320dp h668dp 540dpi nrml long port finger -keyb/v/h -nav/h winConfig={ mBounds=Rect(0, 0 - 1080, 2340) mAppBounds=Rect(0, 85 - 1080, 2340) mWindowingMode=fullscreen mDisplayWindowingMode=fullscreen mActivityType=undefined mAlwaysOnTop=undefined mRotation=ROTATION_0} suim:1 fontWeightScale:100 s.29} mLockDpi = true densityDpi = 540 dpi = 540
08-24 08:32:25.751 28525 28730 I chatty  : uid=1000(system) Thread-6 expire 3 lines
08-24 08:32:25.751 28525 28558 I chatty  : uid=1000(system) HwActivityTaskM expire 1 line
08-24 08:32:25.824 28317 28317 I ActivityThread: finishPreloaded preloadStatus 0
08-24 08:32:25.928 28355 28355 D ActivityThread: Attach thread to application
08-24 08:32:26.001 28355 28385 I ActivityThread: Init compatible state: false
08-24 08:32:26.018 28525 28575 I chatty  : uid=1000(system) PowerManagerSer expire 13 lines
08-24 08:32:26.243 28355 28355 I ActivityThread: finishPreloaded preloadStatus 0
08-24 08:32:26.284 28525 28436 I chatty  : uid=1000(system) Binder:28525_12 expire 5 lines
08-24 08:32:26.326 28437 28437 D ActivityThread: Attach thread to application
08-24 08:32:26.364 28437 28458 I ActivityThread: Init compatible state: false
08-24 08:32:26.368 28437 28437 I LoadedApk: makePaths: outLibPaths=[/data/app/com.huawei.systemmanager-17ihdQVp-juy5k4-8S7fLw==/lib/arm64, /data/app/com.huawei.systemmanager-17ihdQVp-juy5k4-8S7fLw==/base.apk!/lib/arm64-v8a, /data/app/com.huawei.systemmanager-17ihdQVp-juy5k4-8S7fLw==/AiSecurityPlugin.apk!/lib/arm64-v8a, /data/app/com.huawei.systemmanager-17ihdQVp-juy5k4-8S7fLw==/AntimalPlugin.apk!/lib/arm64-v8a, /data/app/com.huawei.systemmanager-17ihdQVp-juy5k4-8S7fLw==/WlanSecurePlugin.apk!/lib/arm64-v8a, /system/lib64:/hw_product/lib64:/system/product/lib64]
08-24 08:32:26.687 28437 28437 W ContextImpl: Calling a method in the system process without a qualified user: android.app.ContextImpl.startService:1698 android.content.ContextWrapper.startService:669 com.huawei.antivirus.AntivirusPluginEx.init:68 com.huawei.securitycenter.antivirus.plugin.AntivirusPluginHelper.init:7 com.huawei.securitycenter.antivirus.AntivirusModule.startAntivirusService:2 
08-24 08:32:26.696 28437 28437 W ContextImpl: Calling a method in the system process without a qualified user: android.app.ContextImpl.startService:1698 android.content.ContextWrapper.startService:669 com.huawei.securitycentersdk.SecurityCenterContext.startHwSecService:3 com.huawei.securitycentersdk.SecurityCenterContext.inject:4 com.huawei.systemmanager.SystemManagerApplication.onCreate:43 
08-24 08:32:26.703 28437 28437 W ContextImpl: Calling a method in the system process without a qualified user: android.app.ContextImpl.startService:1698 android.content.ContextWrapper.startService:669 com.huawei.systemmanager.SystemManagerApplication.onCreate:92 android.app.Instrumentation.callApplicationOnCreate:1202 android.app.ActivityThread.handleBindApplication:7588 
08-24 08:32:26.706 28437 28437 W ContextImpl: Calling a method in the system process without a qualified user: android.app.ContextImpl.startService:1698 android.content.ContextWrapper.startService:669 com.huawei.systemmanager.SystemManagerApplication.onCreate:93 android.app.Instrumentation.callApplicationOnCreate:1202 android.app.ActivityThread.handleBindApplication:7588 
08-24 08:32:26.712 28437 28437 W ContextImpl: Calling a method in the system process without a qualified user: android.app.ContextImpl.startService:1698 android.content.ContextWrapper.startService:669 com.huawei.systemmanager.SystemManagerApplication.onCreate:98 android.app.Instrumentation.callApplicationOnCreate:1202 android.app.ActivityThread.handleBindApplication:7588 
08-24 08:32:26.714 28437 28437 W ContextImpl: Calling a method in the system process without a qualified user: android.app.ContextImpl.startService:1698 android.content.ContextWrapper.startService:669 com.huawei.systemmanager.SystemManagerApplication.onCreate:99 android.app.Instrumentation.callApplicationOnCreate:1202 android.app.ActivityThread.handleBindApplication:7588 
08-24 08:32:26.717 28437 28437 W ContextImpl: Calling a method in the system process without a qualified user: android.app.ContextImpl.startService:1698 android.content.ContextWrapper.startService:669 com.huawei.systemmanager.SystemManagerApplication.onCreate:100 android.app.Instrumentation.callApplicationOnCreate:1202 android.app.ActivityThread.handleBindApplication:7588 
08-24 08:32:26.720 28437 28437 W ContextImpl: Calling a method in the system process without a qualified user: android.app.ContextImpl.startService:1698 android.content.ContextWrapper.startService:669 com.huawei.systemmanager.SystemManagerApplication.onCreate:101 android.app.Instrumentation.callApplicationOnCreate:1202 android.app.ActivityThread.handleBindApplication:7588 
08-24 08:32:26.723 28437 28437 W ContextImpl: Calling a method in the system process without a qualified user: android.app.ContextImpl.startService:1698 android.content.ContextWrapper.startService:669 com.huawei.systemmanager.SystemManagerApplication.onCreate:102 android.app.Instrumentation.callApplicationOnCreate:1202 android.app.ActivityThread.handleBindApplication:7588 
08-24 08:32:26.726 28437 28437 W ContextImpl: Calling a method in the system process without a qualified user: android.app.ContextImpl.startService:1698 android.content.ContextWrapper.startService:669 com.huawei.systemmanager.SystemManagerApplication.onCreate:107 android.app.Instrumentation.callApplicationOnCreate:1202 android.app.ActivityThread.handleBindApplication:7588 
08-24 08:32:26.774 28437 28477 W ContextImpl: Calling a method in the system process without a qualified user: android.app.ContextImpl.bindService:1777 android.content.ContextWrapper.bindService:705 d.d.o.u.b.o.a:12 d.d.o.u.b.a.ba:12 f.b.b.a.a.c:3 
08-24 08:32:26.774 28437 28437 I ActivityThread: finishPreloaded preloadStatus 0
08-24 08:32:26.818 28525 29561 I chatty  : uid=1000(system) HwAddViewManage expire 8 lines
08-24 08:32:26.819 28525  4452 I chatty  : uid=1000(system) pool-14-thread- expire 1 line
08-24 08:32:26.832 28437 28437 W ContextImpl: Calling a method in the system process without a qualified user: android.app.ContextImpl.startService:1698 android.content.ContextWrapper.startService:669 android.content.ContextWrapper.startService:669 com.huawei.antivirus.utils.AntiVirusTools.deleteVirusApk:928 com.huawei.antivirus.AntiVirusReceiver.onReceive:36 
08-24 08:32:26.929 28484 28484 D ActivityThread: Attach thread to application
08-24 08:32:26.932 28525 29006 I chatty  : uid=1000(system) Binder:28525_9 expire 3 lines
08-24 08:32:26.942 28501 28501 D ActivityThread: Attach thread to application
08-24 08:32:26.953 28484 28514 I ActivityThread: Init compatible state: false
08-24 08:32:26.961 28484 28484 I LoadedApk: makePaths: outLibPaths=[/data/app/com.huawei.systemmanager-17ihdQVp-juy5k4-8S7fLw==/lib/arm64, /data/app/com.huawei.systemmanager-17ihdQVp-juy5k4-8S7fLw==/base.apk!/lib/arm64-v8a, /data/app/com.huawei.systemmanager-17ihdQVp-juy5k4-8S7fLw==/AiSecurityPlugin.apk!/lib/arm64-v8a, /data/app/com.huawei.systemmanager-17ihdQVp-juy5k4-8S7fLw==/AntimalPlugin.apk!/lib/arm64-v8a, /data/app/com.huawei.systemmanager-17ihdQVp-juy5k4-8S7fLw==/WlanSecurePlugin.apk!/lib/arm64-v8a, /system/lib64:/hw_product/lib64:/system/product/lib64]
08-24 08:32:26.966 29103 31693 W ContextImpl: Calling a method in the system process without a qualified user: android.app.ContextImpl.bindService:1777 android.content.ContextWrapper.bindService:705 ohos.abilityshell.support.O00000O.O000000:709 ohos.abilityshell.support.O00000O.connectAbility:579 ohos.abilityshell.support.O00000o.O000000:153 
08-24 08:32:26.976 28501 28526 I ActivityThread: Init compatible state: false
08-24 08:32:26.983 28501 28501 I LoadedApk: makePaths: outLibPaths=[/system/priv-app/DocumentsUI/lib/arm64, /system/lib64:/hw_product/lib64:/system/product/lib64]
08-24 08:32:27.061 28484 28484 W ContextImpl: Calling a method in the system process without a qualified user: android.app.ContextImpl.startService:1698 android.content.ContextWrapper.startService:669 com.huawei.antivirus.AntivirusPluginEx.init:68 com.huawei.securitycenter.antivirus.plugin.AntivirusPluginHelper.init:7 com.huawei.securitycenter.antivirus.AntivirusModule.startAntivirusService:2 
08-24 08:32:27.064 28484 28484 W ContextImpl: Calling a method in the system process without a qualified user: android.app.ContextImpl.startService:1698 android.content.ContextWrapper.startService:669 com.huawei.securitycentersdk.SecurityCenterContext.startHwSecService:3 com.huawei.securitycentersdk.SecurityCenterContext.inject:4 com.huawei.systemmanager.SystemManagerApplication.onCreate:43 
08-24 08:32:27.070 28484 28484 I ActivityThread: finishPreloaded preloadStatus 0
08-24 08:32:27.071 28484 28585 W ContextImpl: Calling a method in the system process without a qualified user: android.app.ContextImpl.bindService:1777 android.content.ContextWrapper.bindService:705 d.d.o.u.b.o.a:12 d.d.o.u.b.a.ba:12 f.b.b.a.a.c:3 
08-24 08:32:27.385 28501 28501 I ActivityThread: finishPreloaded preloadStatus 0
08-24 08:32:30.313 28525 28678 I chatty  : uid=1000(system) AlarmManager expire 12 lines
08-24 08:32:30.370 28525 29190 I chatty  : uid=1000(system) Binder:28525_10 expire 7 lines
08-24 08:32:30.371 28525 28575 I chatty  : uid=1000(system) PowerManagerSer expire 16 lines
08-24 08:32:30.396 28525 28877 I chatty  : uid=1000(system) Binder:28525_4 expire 13 lines
08-24 08:32:30.420 28525 28674 I chatty  : uid=1000(system) Binder:28525_3 expire 13 lines
08-24 08:32:34.237 28525  6185 I chatty  : uid=1000(system) MobileQosDetect expire 10 lines
08-24 08:32:36.278 28525 28730 I chatty  : uid=1000(system) Thread-6 expire 30 lines
08-24 08:32:36.279 28525 28558 I chatty  : uid=1000(system) HwActivityTaskM expire 10 lines
08-24 08:32:37.739 28525 29193 I chatty  : uid=1000(system) Binder:28525_11 expire 1 line
08-24 08:32:37.817 28525 30064 I chatty  : uid=1000(system) Binder:28525_15 expire 2 lines
08-24 08:32:37.818 28525 29186 I chatty  : uid=1000(system) Binder:28525_D expire 2 lines
08-24 08:32:37.819 28525 31620 I chatty  : uid=1000(system) Binder:28525_1F expire 2 lines
08-24 08:32:37.819 28525 29074 I chatty  : uid=1000(system) Binder:28525_A expire 1 line
08-24 08:32:37.819 28525 28715 I chatty  : uid=1000(system) ConnectivitySer expire 8 lines
08-24 08:32:40.381 28525 29188 I chatty  : uid=1000(system) Binder:28525_F expire 1 line
08-24 08:32:40.390 28525 31617 I chatty  : uid=1000(system) Binder:28525_1E expire 2 lines
08-24 08:32:45.383 28525 28778 I chatty  : uid=1000(system) SecurityCenterA expire 4 lines
08-24 08:32:45.476 28525 28542 I chatty  : uid=1000(system) Binder:28525_1 expire 2 lines
08-24 08:32:45.476 28525 28880 I chatty  : uid=1000(system) Binder:28525_5 expire 2 lines
08-24 08:32:45.477 28525 28543 I chatty  : uid=1000(system) Binder:28525_2 expire 2 lines
08-24 08:32:45.500 28525 31616 I chatty  : uid=1000(system) Binder:28525_1D expire 1 line
08-24 08:32:45.510 28525 30887 I chatty  : uid=1000(system) Binder:28525_16 expire 10 lines
08-24 08:32:46.820 28525 29187 I chatty  : uid=1000(system) Binder:28525_E expire 12 lines
08-24 08:32:50.840 28525 28562 I chatty  : uid=1000(system) android.bg expire 3 lines
08-24 08:32:52.443  1132  1163 I storaged: storaged_t::event: storage_info refreshed.
08-24 08:32:53.558 28525 28648 I chatty  : uid=1000(system) UEventObserver expire 12 lines
08-24 08:33:00.022 28525 28575 I chatty  : uid=1000(system) PowerManagerSer expire 14 lines
08-24 08:33:14.681 29075 29493 I NetworkQoeChr: onQoeStatusEnd
08-24 08:33:18.274 28525  6185 I chatty  : uid=1000(system) MobileQosDetect expire 11 lines
08-24 08:33:37.756 28525 28525 I chatty  : uid=1000(system) Binder:28525_12 expire 14 lines
08-24 08:33:46.884 28525 28674 I chatty  : uid=1000(system) Binder:28525_3 expire 4 lines
08-24 08:33:52.445  1132  1163 I storaged: storaged_t::event: storage_info refreshed.
08-24 08:33:55.079 28525 28648 I chatty  : uid=1000(system) UEventObserver expire 6 lines
08-24 08:33:58.639 29075 29493 I PreDnsQuery: No need to handled!
08-24 08:33:59.660 28525 29187 I chatty  : uid=1000(system) Binder:28525_E expire 7 lines
08-24 08:34:02.328 28525  6185 I chatty  : uid=1000(system) MobileQosDetect expire 4 lines
08-24 08:34:04.649 29075 29493 I PreDnsQuery: No need to handled!
08-24 08:34:10.655 29075 29493 I PreDnsQuery: No need to handled!
08-24 08:34:16.668 29075 29493 I PreDnsQuery: No need to handled!
08-24 08:34:16.887 28525 28678 I chatty  : uid=1000(system) AlarmManager expire 2 lines
08-24 08:34:16.895 28525 28575 I chatty  : uid=1000(system) PowerManagerSer expire 2 lines
08-24 08:34:18.065 28525 28566 I chatty  : uid=1000(system) ActivityManager expire 3 lines
08-24 08:34:18.100 28765 28765 D ActivityThread: Attach thread to application
08-24 08:34:18.115 28765 28833 I ActivityThread: Init compatible state: false
08-24 08:34:18.125 28765 28765 I LoadedApk: makePaths: outLibPaths=[/hw_product/region_comm/china/app/HiAction/lib/arm64, /system/lib64:/hw_product/lib64:/system/product/lib64]
08-24 08:34:18.187 28765 28765 I ActivityThread: finishPreloaded preloadStatus 0
08-24 08:34:18.543 28525 28730 I chatty  : uid=1000(system) Thread-6 expire 9 lines
08-24 08:34:18.543 28525 29187 I chatty  : uid=1000(system) Binder:28525_E expire 10 lines
08-24 08:34:18.544 28525 28558 I chatty  : uid=1000(system) HwActivityTaskM expire 3 lines
08-24 08:34:21.644 28525 30982 I chatty  : uid=1000(system) Binder:28525_17 expire 7 lines
08-24 08:34:21.660 28525 31614 I chatty  : uid=1000(system) Binder:28525_1C expire 23 lines
08-24 08:34:21.728 28866 28866 D ActivityThread: Attach thread to application
08-24 08:34:21.748 28866 28902 I ActivityThread: Init compatible state: false
08-24 08:34:21.756 28866 28866 I LoadedApk: makePaths: outLibPaths=[/system/app/HwLBSService/lib/arm64, /system/app/HwLBSService/HwLBSService.apk!/lib/arm64-v8a, /system/lib64:/hw_product/lib64:/system/product/lib64]
08-24 08:34:21.833 28866 28866 I ActivityThread: finishPreloaded preloadStatus 0
08-24 08:34:21.838 28525 28880 I chatty  : uid=1000(system) Binder:28525_5 expire 10 lines
08-24 08:34:21.875 28866 28866 W ContextImpl: Calling a method in the system process without a qualified user: android.app.ContextImpl.bindService:1777 android.content.ContextWrapper.bindService:705 com.huawei.android.powerkit.adapter.PowerKitApi.bindPowerKitService:108 com.huawei.android.powerkit.adapter.PowerKitApi.<init>:95 com.huawei.android.powerkit.HuaweiPowerKit.<init>:129 
08-24 08:34:21.927 28525 28525 I chatty  : uid=1000(system) Binder:28525_12 expire 5 lines
08-24 08:34:21.928 28866 28912 W ContextImpl: Calling a method in the system process without a qualified user: android.app.ContextImpl.bindService:1777 android.content.ContextWrapper.bindService:705 com.huawei.lbs.hms.HwHmsManager.bindLocatorService:271 com.huawei.lbs.hms.HwHmsService$LocationWorkerHandler.handleMessage:1239 android.os.Handler.dispatchMessage:110 
08-24 08:34:21.938 28525 28575 I chatty  : uid=1000(system) PowerManagerSer expire 17 lines
08-24 08:34:21.965 28866 28866 W ContextImpl: Calling a method in the system process without a qualified user: android.app.ContextImpl.sendBroadcast:1183 android.content.ContextWrapper.sendBroadcast:453 com.huawei.lbs.HwLBSService.onCreate:88 android.app.ActivityThread.handleCreateService:4809 android.app.ActivityThread.access$3000:260 
08-24 08:34:21.972 28866 28939 W ContextImpl: Calling a method in the system process without a qualified user: android.app.ContextImpl.bindService:1777 android.content.ContextWrapper.bindService:705 com.huawei.msdp.movement.HwMSDPMovementManager.bindService:169 com.huawei.msdp.movement.HwMSDPMovementManager.connectService:203 com.huawei.lbs.HwNLPService.Support.HwNLPMSDPFunction.connectService:196 
08-24 08:34:24.000 28954 28954 D ActivityThread: Attach thread to application
08-24 08:34:24.017 28954 28979 I ActivityThread: Init compatible state: false
08-24 08:34:24.357 28954 28954 I ActivityThread: finishPreloaded preloadStatus 0
08-24 08:34:25.724 28525 28648 I chatty  : uid=1000(system) UEventObserver expire 12 lines
08-24 08:34:26.350 28525  6185 I chatty  : uid=1000(system) MobileQosDetect expire 11 lines
08-24 08:34:27.003 28525 28678 I chatty  : uid=1000(system) AlarmManager expire 16 lines
08-24 08:34:49.863 28525 28822 I chatty  : uid=1000(system) pool-2-thread-6 expire 1 line
08-24 08:34:49.879 28525 28825 I chatty  : uid=1000(system) pool-2-thread-9 expire 1 line
08-24 08:34:51.174 28525 28549 I chatty  : uid=1000(system) android.display expire 1 line
08-24 08:34:51.196 29075 29075 I HwCoreAppHelperService: LocalReceiver receives:android.intent.action.PACKAGE_RESTARTED,pkg:com.huawei.devicegroupmanage,uid:10157
08-24 08:34:52.447  1132  1163 I storaged: storaged_t::event: storage_info refreshed.
08-24 08:34:52.544 28525 28575 I chatty  : uid=1000(system) PowerManagerSer expire 15 lines
08-24 08:34:53.137 28525 29187 I chatty  : uid=1000(system) Binder:28525_E expire 10 lines
08-24 08:34:56.647 28525 28880 I chatty  : uid=1000(system) Binder:28525_5 expire 23 lines
08-24 08:34:56.667 28858 28858 I Resources: LockDpi original config :{1.30001 460mcc2mnc [zh_CN_#Hans] ldltr sw320dp w320dp h668dp 540dpi nrml long port finger -keyb/v/h -nav/h winConfig={ mBounds=Rect(0, 0 - 1080, 2340) mAppBounds=Rect(0, 85 - 1080, 2340) mWindowingMode=fullscreen mDisplayWindowingMode=fullscreen mActivityType=undefined mAlwaysOnTop=undefined mRotation=ROTATION_0} suim:1 fontWeightScale:100 s.40} mLockDpi = true densityDpi = 540 dpi = 540
08-24 08:35:05.290 28525 28674 I chatty  : uid=1000(system) Binder:28525_3 expire 1 line
08-24 08:35:24.376 29145  4785 W ContextImpl: Calling a method in the system process without a qualified user: android.app.ContextImpl.sendBroadcast:1183 com.huawei.android.chr.ChrCore.report:5584 com.huawei.android.chr.ChrCore.report:469 com.huawei.android.chr.network.ChrNetworkParamSet.a:12731 com.huawei.android.chr.network.ChrNetworkParamSet.setNotToLteOrNrEvent:1101 
08-24 08:35:26.409 28525  6185 I chatty  : uid=1000(system) MobileQosDetect expire 9 lines
08-24 08:35:27.043 28525 28575 I chatty  : uid=1000(system) PowerManagerSer expire 35 lines
08-24 08:35:27.164 28525 28648 I chatty  : uid=1000(system) UEventObserver expire 12 lines
08-24 08:35:52.449  1132  1163 I storaged: storaged_t::event: storage_info refreshed.
08-24 08:35:53.182 28525 31614 I chatty  : uid=1000(system) Binder:28525_1C expire 8 lines
08-24 08:35:57.071 28525 29187 I chatty  : uid=1000(system) Binder:28525_E expire 11 lines
08-24 08:36:01.530 28525 28575 I chatty  : uid=1000(system) PowerManagerSer expire 13 lines
08-24 08:36:02.448 28525  6185 I chatty  : uid=1000(system) MobileQosDetect expire 10 lines
08-24 08:36:05.292 28525 31614 I chatty  : uid=1000(system) Binder:28525_1C expire 6 lines
08-24 08:36:10.489 28525 28880 I chatty  : uid=1000(system) Binder:28525_5 expire 14 lines
08-24 08:36:15.366 28525 28549 I chatty  : uid=1000(system) android.display expire 1 line
08-24 08:36:26.143 29075 29493 I PreDnsQuery: No need to handled!
08-24 08:36:26.303 29271 29271 W SettingsEx: SettingsEx.Systemex.getString deprecated use Settings.System.getString instead, callers = com.android.internal.telephony.gsm.HwCustGsmServiceStateManagerImpl.isMccForShowNetname:222 com.android.internal.telephony.gsm.HwCustGsmServiceStateManagerImpl.isShowNetnameByMcc:213 com.android.internal.telephony.gsm.HwCustGsmServiceStateManagerImpl.setOnsDisplayCustomization:164 
08-24 08:36:26.334 28525 28562 I chatty  : uid=1000(system) android.bg expire 3 lines
08-24 08:36:26.369 28525 28575 I chatty  : uid=1000(system) PowerManagerSer expire 11 lines
08-24 08:36:26.370 28525 28565 I chatty  : uid=1000(system) ActivityManager expire 10 lines
08-24 08:36:26.430 29075 29493 I PositionFenceSignalCollect: cell Info change.
08-24 08:36:27.086 28525 28678 I chatty  : uid=1000(system) AlarmManager expire 10 lines
08-24 08:36:28.600 28525 28648 I chatty  : uid=1000(system) UEventObserver expire 18 lines
08-24 08:36:45.936 29075 29493 I PreDnsQuery: No need to handled!
08-24 08:36:45.959 28525 28575 I chatty  : uid=1000(system) PowerManagerSer expire 31 lines
08-24 08:36:46.040 29271 29271 W SettingsEx: SettingsEx.Systemex.getString deprecated use Settings.System.getString instead, callers = com.android.internal.telephony.gsm.HwCustGsmServiceStateManagerImpl.isMccForShowNetname:222 com.android.internal.telephony.gsm.HwCustGsmServiceStateManagerImpl.isShowNetnameByMcc:213 com.android.internal.telephony.gsm.HwCustGsmServiceStateManagerImpl.setOnsDisplayCustomization:164 
08-24 08:36:46.141 29075 29493 I PositionFenceSignalCollect: cell Info change.
08-24 08:36:46.490 28525  6185 I chatty  : uid=1000(system) MobileQosDetect expire 11 lines
08-24 08:36:52.451  1132  1163 I storaged: storaged_t::event: storage_info refreshed.
08-24 08:36:57.114 28525 30982 I chatty  : uid=1000(system) Binder:28525_17 expire 4 lines
08-24 08:37:26.882 28525 28730 I chatty  : uid=1000(system) Thread-6 expire 3 lines
08-24 08:37:26.883 28525 28558 I chatty  : uid=1000(system) HwActivityTaskM expire 1 line
08-24 08:37:27.161 28525 29006 I chatty  : uid=1000(system) Binder:28525_9 expire 10 lines
08-24 08:37:28.033 28525 28827 I chatty  : uid=1000(system) pool-2-thread-1 expire 1 line
08-24 08:37:28.050 28525 28752 I chatty  : uid=1000(system) pool-2-thread-1 expire 1 line
08-24 08:37:32.174 29075 29493 I PreDnsQuery: No need to handled!
08-24 08:37:32.222 28525 28575 I chatty  : uid=1000(system) PowerManagerSer expire 11 lines
08-24 08:37:32.305 29271 29271 W SettingsEx: SettingsEx.Systemex.getString deprecated use Settings.System.getString instead, callers = com.android.internal.telephony.gsm.HwCustGsmServiceStateManagerImpl.isMccForShowNetname:222 com.android.internal.telephony.gsm.HwCustGsmServiceStateManagerImpl.isShowNetnameByMcc:213 com.android.internal.telephony.gsm.HwCustGsmServiceStateManagerImpl.setOnsDisplayCustomization:164 
08-24 08:37:32.405 29075 29493 I PositionFenceSignalCollect: cell Info change.
08-24 08:37:34.533 28525  6185 I chatty  : uid=1000(system) MobileQosDetect expire 14 lines
08-24 08:37:38.183 29075 29493 I PreDnsQuery: No need to handled!
08-24 08:37:44.193 29075 29493 I PreDnsQuery: No need to handled!
08-24 08:37:50.201 29075 29493 I PreDnsQuery: No need to handled!
08-24 08:37:50.206 28525 29187 I chatty  : uid=1000(system) Binder:28525_E expire 10 lines
08-24 08:37:52.453  1132  1163 I storaged: storaged_t::event: storage_info refreshed.
08-24 08:37:57.168 28525 28575 I chatty  : uid=1000(system) PowerManagerSer expire 11 lines
08-24 08:38:00.760 28525 28648 I chatty  : uid=1000(system) UEventObserver expire 12 lines
08-24 08:38:32.462 28525 28566 I chatty  : uid=1000(system) ActivityManager expire 1 line
08-24 08:38:32.495 29131 29131 D ActivityThread: Attach thread to application
08-24 08:38:32.512 29131 29160 I ActivityThread: Init compatible state: false
08-24 08:38:32.605 29131 29131 I ActivityThread: finishPreloaded preloadStatus 0
08-24 08:38:34.593 28525  6185 I chatty  : uid=1000(system) MobileQosDetect expire 8 lines
08-24 08:38:52.455  1132  1163 I storaged: storaged_t::event: Uidm reported.
08-24 08:38:52.503  1132  1163 I storaged: uid_monitor::update_curr_io_stats_locked: last_uid_io_stats_ size is 375
08-24 08:38:52.503  1132  1163 I storaged: uid_monitor::update_curr_io_stats_locked: curr_io_stats_ size is 375
08-24 08:38:52.506  1132  1163 I storaged: uid_monitor::add_records_locked: io_history_ size is 2829, new record size is 75
08-24 08:38:52.506  1132  1163 I storaged: uid_monitor::update_uid_io_proto: io_history_ size is 2847
08-24 08:38:52.516  1132  1163 I storaged: storaged_t::event: storage_info refreshed.
08-24 08:38:52.517  1132  1163 I storaged: storaged_t::event: proto flushed.
08-24 08:38:53.340 28525 28880 I chatty  : uid=1000(system) Binder:28525_5 expire 4 lines
08-24 08:38:57.215 28525 28678 I chatty  : uid=1000(system) AlarmManager expire 6 lines
08-24 08:38:57.223 28525 28575 I chatty  : uid=1000(system) PowerManagerSer expire 9 lines
08-24 08:38:57.245 28525 29187 I chatty  : uid=1000(system) Binder:28525_E expire 3 lines
08-24 08:39:02.202 28525 28648 I chatty  : uid=1000(system) UEventObserver expire 6 lines
08-24 08:39:04.362 28525 28525 I chatty  : uid=1000(system) Binder:28525_12 expire 8 lines
08-24 08:39:04.382 28525 28834 I chatty  : uid=1000(system) SyncManager expire 1 line
08-24 08:39:04.397 28525 28525 I chatty  : uid=1000(system) Binder:28525_12 expire 12 lines
08-24 08:39:04.399 28525 29187 I chatty  : uid=1000(system) Binder:28525_E expire 20 lines
08-24 08:39:04.399 28525 28575 I chatty  : uid=1000(system) PowerManagerSer expire 23 lines
08-24 08:39:04.529 28525 28880 I chatty  : uid=1000(system) Binder:28525_5 expire 13 lines
08-24 08:39:06.616 28525  6185 I chatty  : uid=1000(system) MobileQosDetect expire 12 lines
08-24 08:39:27.245 28525 28678 I chatty  : uid=1000(system) AlarmManager expire 6 lines
08-24 08:39:30.555 28525 29006 I chatty  : uid=1000(system) Binder:28525_9 expire 16 lines
