08-23 10:31:26.651   553   553 E AndroidRuntime: 	at android.os.Handler.dispatchMessage(Handler.java:103)
08-23 10:31:26.651   553   553 E AndroidRuntime: 	at android.os.Looper.loop(Looper.java:219)
08-23 10:31:26.651   553   553 E AndroidRuntime: 	at android.app.ActivityThread.main(ActivityThread.java:8668)
08-23 10:31:26.651   553   553 E AndroidRuntime: 	at java.lang.reflect.Method.invoke(Native Method)
08-23 10:31:26.651   553   553 E AndroidRuntime: 	at com.android.internal.os.RuntimeInit$MethodAndArgsCaller.run(RuntimeInit.java:513)
08-23 10:31:26.651   553   553 E AndroidRuntime: 	at com.android.internal.os.ZygoteInit.main(ZygoteInit.java:1109)
08-23 12:48:31.130 31499  2369 E AndroidRuntime: FATAL EXCEPTION: ExternalTextureConverter
08-23 12:48:31.130 31499  2369 E AndroidRuntime: Process: com.google.mediapipe.apps.posetrackinggpu, PID: 31499
08-23 12:48:31.130 31499  2369 E AndroidRuntime: java.lang.RuntimeException: Framebuffer not complete, status=36054
08-23 12:48:31.130 31499  2369 E AndroidRuntime: 	at com.google.mediapipe.glutil.GlThread.bindFramebuffer(GlThread.java:114)
08-23 12:48:31.130 31499  2369 E AndroidRuntime: 	at com.google.mediapipe.components.ExternalTextureConverter$RenderThread.createFrame(ExternalTextureConverter.java:477)
08-23 12:48:31.130 31499  2369 E AndroidRuntime: 	at com.google.mediapipe.components.ExternalTextureConverter$RenderThread.nextOutputFrame(ExternalTextureConverter.java:506)
08-23 12:48:31.130 31499  2369 E AndroidRuntime: 	at com.google.mediapipe.components.ExternalTextureConverter$RenderThread.renderNext(ExternalTextureConverter.java:434)
08-23 12:48:31.130 31499  2369 E AndroidRuntime: 	at com.google.mediapipe.components.ExternalTextureConverter$RenderThread.lambda$onFrameAvailable$0$ExternalTextureConverter$RenderThread(ExternalTextureConverter.java:386)
08-23 12:48:31.130 31499  2369 E AndroidRuntime: 	at com.google.mediapipe.components.ExternalTextureConverter$RenderThread$$Lambda$0.run(Unknown Source:4)
08-23 12:48:31.130 31499  2369 E AndroidRuntime: 	at android.os.Handler.handleCallback(Handler.java:900)
08-23 12:48:31.130 31499  2369 E AndroidRuntime: 	at android.os.Handler.dispatchMessage(Handler.java:103)
08-23 12:48:31.130 31499  2369 E AndroidRuntime: 	at android.os.Looper.loop(Looper.java:219)
08-23 12:48:31.130 31499  2369 E AndroidRuntime: 	at com.google.mediapipe.glutil.GlThread.run(GlThread.java:141)
08-23 12:49:19.327   464   464 F libc    : crash_dump helper failed to exec
08-23 13:25:57.813   464   464 F libc    : crash_dump helper failed to exec
08-23 13:39:37.086   464   464 F libc    : crash_dump helper failed to exec
08-23 13:39:41.551   464   464 I chatty  : uid=0(root) Binder:464_2 identical 1 line
08-23 13:40:16.935   464   464 F libc    : crash_dump helper failed to exec
08-23 13:40:27.534  3559  5718 E AndroidRuntime: FATAL EXCEPTION: OdmfCtrlThread
08-23 13:40:27.534  3559  5718 E AndroidRuntime: Process: com.huawei.HwOPServer, PID: 3559
08-23 13:40:27.534  3559  5718 E AndroidRuntime: DeadSystemException: The system died; earlier logs will point to the root cause
08-23 13:40:27.579 20433 20433 E AndroidRuntime: FATAL EXCEPTION: main
08-23 13:40:27.579 20433 20433 E AndroidRuntime: Process: com.android.settings, PID: 20433
08-23 13:40:27.579 20433 20433 E AndroidRuntime: DeadSystemException: The system died; earlier logs will point to the root cause
08-23 13:40:27.648 17852 20679 E AndroidRuntime: FATAL EXCEPTION: Thread-6
08-23 13:40:27.648 17852 20679 E AndroidRuntime: Process: com.huawei.wallet, PID: 17852
08-23 13:40:27.648 17852 20679 E AndroidRuntime: DeadSystemException: The system died; earlier logs will point to the root cause
08-23 13:40:27.649 17852 17852 E AndroidRuntime: FATAL EXCEPTION: main
08-23 13:40:27.649 17852 17852 E AndroidRuntime: Process: com.huawei.wallet, PID: 17852
08-23 13:40:27.649 17852 17852 E AndroidRuntime: DeadSystemException: The system died; earlier logs will point to the root cause
08-23 13:40:27.699 12766 13585 E AndroidRuntime: FATAL EXCEPTION: ActivityTopManager
08-23 13:40:27.699 12766 13585 E AndroidRuntime: Process: com.huawei.iaware, PID: 12766
08-23 13:40:27.699 12766 13585 E AndroidRuntime: DeadSystemException: The system died; earlier logs will point to the root cause
08-23 13:40:27.729 19690 19713 E AndroidRuntime: FATAL EXCEPTION: default_matrix_thread
08-23 13:40:27.729 19690 19713 E AndroidRuntime: Process: com.tencent.mm:push, PID: 19690
08-23 13:40:27.729 19690 19713 E AndroidRuntime: DeadSystemException: The system died; earlier logs will point to the root cause
08-23 13:40:27.734  3583  3738 E AndroidRuntime: FATAL EXCEPTION: WifiDftHandler
08-23 13:40:27.734  3583  3738 E AndroidRuntime: Process: com.huawei.hiview, PID: 3583
08-23 13:40:27.734  3583  3738 E AndroidRuntime: DeadSystemException: The system died; earlier logs will point to the root cause
08-23 13:41:27.962 21752 22295 E AndroidRuntime: FATAL EXCEPTION: UiWorker-7
08-23 13:41:27.962 21752 22295 E AndroidRuntime: Process: com.huawei.android.launcher, PID: 21752
08-23 13:41:27.962 21752 22295 E AndroidRuntime: java.lang.IllegalStateException: ability is uninitialized, call failed
08-23 13:41:27.962 21752 22295 E AndroidRuntime: 	at android.os.Parcel.createException(Parcel.java:2098)
08-23 13:41:27.962 21752 22295 E AndroidRuntime: 	at android.os.Parcel.readException(Parcel.java:2058)
08-23 13:41:27.962 21752 22295 E AndroidRuntime: 	at android.database.DatabaseUtils.readExceptionFromParcel(DatabaseUtils.java:188)
08-23 13:41:27.962 21752 22295 E AndroidRuntime: 	at android.database.DatabaseUtils.readExceptionFromParcel(DatabaseUtils.java:140)
08-23 13:41:27.962 21752 22295 E AndroidRuntime: 	at android.content.ContentProviderProxy.call(ContentProviderNative.java:658)
08-23 13:41:27.962 21752 22295 E AndroidRuntime: 	at android.content.ContentResolver.call(ContentResolver.java:2099)
08-23 13:41:27.962 21752 22295 E AndroidRuntime: 	at android.content.ContentResolver.call(ContentResolver.java:2079)
08-23 13:41:27.962 21752 22295 E AndroidRuntime: 	at com.huawei.android.launcher.abilityform.external.FormUpdateNotifier.lambda$requestUpdateXiaoyiAbilityForm$2$FormUpdateNotifier(FormUpdateNotifier.java:212)
08-23 13:41:27.962 21752 22295 E AndroidRuntime: 	at com.huawei.android.launcher.abilityform.external.-$$Lambda$FormUpdateNotifier$zOOAbvxcn0RIu5TzkcRXCuvRX1g.run(Unknown Source:6)
08-23 13:41:27.962 21752 22295 E AndroidRuntime: 	at java.util.concurrent.ThreadPoolExecutor.runWorker(ThreadPoolExecutor.java:1167)
08-23 13:41:27.962 21752 22295 E AndroidRuntime: 	at java.util.concurrent.ThreadPoolExecutor$Worker.run(ThreadPoolExecutor.java:641)
08-23 13:41:27.962 21752 22295 E AndroidRuntime: 	at java.lang.Thread.run(Thread.java:929)
08-23 15:04:28.929 25077 27663 E AndroidRuntime: FATAL EXCEPTION: ExternalTextureConverter
08-23 15:04:28.929 25077 27663 E AndroidRuntime: Process: com.google.mediapipe.apps.posetrackinggpu, PID: 25077
08-23 15:04:28.929 25077 27663 E AndroidRuntime: java.lang.RuntimeException: Framebuffer not complete, status=36054
08-23 15:04:28.929 25077 27663 E AndroidRuntime: 	at com.google.mediapipe.glutil.GlThread.bindFramebuffer(GlThread.java:114)
08-23 15:04:28.929 25077 27663 E AndroidRuntime: 	at com.google.mediapipe.components.ExternalTextureConverter$RenderThread.createFrame(ExternalTextureConverter.java:477)
08-23 15:04:28.929 25077 27663 E AndroidRuntime: 	at com.google.mediapipe.components.ExternalTextureConverter$RenderThread.nextOutputFrame(ExternalTextureConverter.java:506)
08-23 15:04:28.929 25077 27663 E AndroidRuntime: 	at com.google.mediapipe.components.ExternalTextureConverter$RenderThread.renderNext(ExternalTextureConverter.java:434)
08-23 15:04:28.929 25077 27663 E AndroidRuntime: 	at com.google.mediapipe.components.ExternalTextureConverter$RenderThread.lambda$onFrameAvailable$0$ExternalTextureConverter$RenderThread(ExternalTextureConverter.java:386)
08-23 15:04:28.929 25077 27663 E AndroidRuntime: 	at com.google.mediapipe.components.ExternalTextureConverter$RenderThread$$Lambda$0.run(Unknown Source:4)
08-23 15:04:28.929 25077 27663 E AndroidRuntime: 	at android.os.Handler.handleCallback(Handler.java:900)
08-23 15:04:28.929 25077 27663 E AndroidRuntime: 	at android.os.Handler.dispatchMessage(Handler.java:103)
08-23 15:04:28.929 25077 27663 E AndroidRuntime: 	at android.os.Looper.loop(Looper.java:219)
08-23 15:04:28.929 25077 27663 E AndroidRuntime: 	at com.google.mediapipe.glutil.GlThread.run(GlThread.java:141)
08-23 15:05:42.933   464   464 F libc    : crash_dump helper failed to exec
08-23 15:06:23.261   464   464 F libc    : crash_dump helper failed to exec
08-23 15:07:33.370 29307 29828 E AndroidRuntime: FATAL EXCEPTION: UiWorker-2
08-23 15:07:33.370 29307 29828 E AndroidRuntime: Process: com.huawei.android.launcher, PID: 29307
08-23 15:07:33.370 29307 29828 E AndroidRuntime: java.lang.IllegalStateException: ability is uninitialized, call failed
08-23 15:07:33.370 29307 29828 E AndroidRuntime: 	at android.os.Parcel.createException(Parcel.java:2098)
08-23 15:07:33.370 29307 29828 E AndroidRuntime: 	at android.os.Parcel.readException(Parcel.java:2058)
08-23 15:07:33.370 29307 29828 E AndroidRuntime: 	at android.database.DatabaseUtils.readExceptionFromParcel(DatabaseUtils.java:188)
08-23 15:07:33.370 29307 29828 E AndroidRuntime: 	at android.database.DatabaseUtils.readExceptionFromParcel(DatabaseUtils.java:140)
08-23 15:07:33.370 29307 29828 E AndroidRuntime: 	at android.content.ContentProviderProxy.call(ContentProviderNative.java:658)
08-23 15:07:33.370 29307 29828 E AndroidRuntime: 	at android.content.ContentResolver.call(ContentResolver.java:2099)
08-23 15:07:33.370 29307 29828 E AndroidRuntime: 	at android.content.ContentResolver.call(ContentResolver.java:2079)
08-23 15:07:33.370 29307 29828 E AndroidRuntime: 	at com.huawei.android.launcher.abilityform.external.FormUpdateNotifier.lambda$requestUpdateXiaoyiAbilityForm$2$FormUpdateNotifier(FormUpdateNotifier.java:212)
08-23 15:07:33.370 29307 29828 E AndroidRuntime: 	at com.huawei.android.launcher.abilityform.external.-$$Lambda$FormUpdateNotifier$zOOAbvxcn0RIu5TzkcRXCuvRX1g.run(Unknown Source:6)
08-23 15:07:33.370 29307 29828 E AndroidRuntime: 	at java.util.concurrent.ThreadPoolExecutor.runWorker(ThreadPoolExecutor.java:1167)
08-23 15:07:33.370 29307 29828 E AndroidRuntime: 	at java.util.concurrent.ThreadPoolExecutor$Worker.run(ThreadPoolExecutor.java:641)
08-23 15:07:33.370 29307 29828 E AndroidRuntime: 	at java.lang.Thread.run(Thread.java:929)
--------- beginning of system
08-24 08:26:52.432  1132  1163 I storaged: storaged_t::event: storage_info refreshed.
08-24 08:26:54.437 29075 29493 I PositionFenceSignalCollect: cell Info change.
08-24 08:27:15.635 28525 28648 I chatty  : uid=1000(system) UEventObserver expire 12 lines
08-24 08:27:34.769 28525 29188 I chatty  : uid=1000(system) Binder:28525_F expire 4 lines
08-24 08:27:52.433  1132  1163 I storaged: storaged_t::event: storage_info refreshed.
08-24 08:27:53.957 28525  6185 I chatty  : uid=1000(system) MobileQosDetect expire 9 lines
08-24 08:28:00.008 28525 28575 I chatty  : uid=1000(system) PowerManagerSer expire 20 lines
08-24 08:28:01.305 28525 29006 I chatty  : uid=1000(system) Binder:28525_9 expire 10 lines
08-24 08:28:17.082 28525 28648 I chatty  : uid=1000(system) UEventObserver expire 6 lines
08-24 08:28:28.833 28525 28525 I chatty  : uid=1000(system) Binder:28525_12 expire 9 lines
08-24 08:28:28.866 28525 28811 I chatty  : uid=1000(system) pool-2-thread-2 expire 1 line
08-24 08:28:28.869 28525 28825 I chatty  : uid=1000(system) pool-2-thread-9 expire 1 line
08-24 08:28:28.869 28525  9789 I chatty  : uid=1000(system) NotifyScreenSta expire 1 line
08-24 08:28:28.926   464   464 D vold    : begin lockScreenPrepare
08-24 08:28:28.926   464   464 D vold    : FscryptLockScreenPrepare flag is: 1 userId:0
08-24 08:28:28.940 28525 28575 I chatty  : uid=1000(system) PowerManagerSer expire 31 lines
08-24 08:28:28.966 28525 29186 I chatty  : uid=1000(system) Binder:28525_D expire 3 lines
08-24 08:28:29.091 28525 28730 I chatty  : uid=1000(system) Thread-6 expire 3 lines
08-24 08:28:29.107 28525 28549 I chatty  : uid=1000(system) android.display expire 12 lines
08-24 08:28:29.164 28525 28818 I chatty  : uid=1000(system) PhotonicModulat expire 2 lines
08-24 08:28:29.168 28525 28815 I chatty  : uid=1000(system) HwProximitySens expire 1 line
08-24 08:28:29.202 29075 29493 I HidataAppQoeP: foregroundUidRemove uid: 10261 name: com.google.mediapipe.apps.posetrackinggpu
08-24 08:28:29.216 28525 28547 I chatty  : uid=1000(system) android.ui expire 5 lines
08-24 08:28:29.221 29075 29493 I SmartDualCardConfig: getAppType,pkgName=com.google.mediapipe.apps.posetrackinggpu,appType=-1
08-24 08:28:29.221 29075 29493 E SmartDualCardConfig: isAppInBlackList false,items==null
08-24 08:28:29.222 28525 28963 I chatty  : uid=1000(system) NetworkTimeUpda expire 2 lines
08-24 08:28:29.226 28525 28550 I chatty  : uid=1000(system) android.anim expire 4 lines
08-24 08:28:29.234 28525 29002 I chatty  : uid=1000(system) Binder:28525_8 expire 4 lines
08-24 08:28:29.253 29075 29494 E OllieTelephony: sendFullData err:-2
08-24 08:28:29.338 28525 29001 I chatty  : uid=1000(system) Binder:28525_7 expire 1 line
08-24 08:28:29.356 28525 28558 I chatty  : uid=1000(system) HwActivityTaskM expire 2 lines
08-24 08:28:29.573   464   464 D vold    : begin lockScreenPrepare
08-24 08:28:29.573   464   464 D vold    : FscryptLockScreenPrepare flag is: 1 userId:0
08-24 08:28:29.646 28525 29006 I chatty  : uid=1000(system) Binder:28525_9 expire 7 lines
08-24 08:28:29.647 24684 24684 I ActivityThread: Handle window ActivityRecord{148ab08 token=android.os.BinderProxy@316cc96 {com.google.mediapipe.apps.posetrackinggpu/com.google.mediapipe.apps.posetrackinggpu.MainActivity}} visibility: false
08-24 08:28:29.678 28525 28708 I chatty  : uid=1000(system) WifiP2pService expire 3 lines
08-24 08:28:29.684 28525 29193 I chatty  : uid=1000(system) Binder:28525_11 expire 5 lines
08-24 08:28:29.693 28525 28707 I chatty  : uid=1000(system) ClientModeImpl expire 1 line
08-24 08:28:29.866 28858 29223 D HwCommandQueue: CommandQueue, set Launcher StatusBar Color
08-24 08:28:29.871 28525 28682 I chatty  : uid=1000(system) sManagerService expire 1 line
08-24 08:28:29.885 28525 28686 I chatty  : uid=1000(system) GestureNavManag expire 3 lines
08-24 08:28:29.909 28525 28565 I chatty  : uid=1000(system) ActivityManager expire 1 line
08-24 08:28:29.948 28525 28543 I chatty  : uid=1000(system) Binder:28525_2 expire 12 lines
08-24 08:28:29.968 28858 28858 I RtgSchedEvent: current pid:28858 AppType:255
08-24 08:28:30.000 28525 28575 I chatty  : uid=1000(system) PowerManagerSer expire 25 lines
08-24 08:28:30.010 29075 29493 I KernelQoeChr: KernelQoeChrhandleMessage : msg = 2130903100
08-24 08:28:30.013 29075 29493 I KernelQoeChr: updateScreenState mIsScreenOn:false
08-24 08:28:30.025 28525 29001 I chatty  : uid=1000(system) Binder:28525_7 expire 10 lines
08-24 08:28:30.031 29075 29493 E Booster_DollieCore: [setDollieUnsolEnabled]setDollieUnsolEnabled modem not support
08-24 08:28:30.041 28525 29193 I chatty  : uid=1000(system) Binder:28525_11 expire 10 lines
08-24 08:28:30.045 29075 29493 E OllieTelephony: sendFullData err:-2
08-24 08:28:30.068 28525 28682 I chatty  : uid=1000(system) sManagerService expire 2 lines
08-24 08:28:30.158 29075 29493 E BoosterGameP: inValidCQI:-1
08-24 08:28:30.160 29075 29493 I DeepNoDisturbSM: setScreenState isScreenOn=false
08-24 08:28:30.161 29075 29493 I HidataAppQoeP: other status.
08-24 08:28:30.161 29075 29493 I PreDnsQuery: No need to handled!
08-24 08:28:30.162 29075 29493 I NetworkQoeChr: end qoe report
08-24 08:28:30.163 29075 29493 I DeepNoDisturbSM: IdleState processMessage msg.what=EVENT_SCREEN_OFF
08-24 08:28:30.163 29075 29493 I DeepNoDisturbSM: IdleState: default msg.what=11
08-24 08:28:30.486 28525 10034 I chatty  : uid=1000(system) pool-20-thread- expire 3 lines
08-24 08:28:34.001 28525  6185 I chatty  : uid=1000(system) MobileQosDetect expire 12 lines
08-24 08:28:34.682 28525 28525 I chatty  : uid=1000(system) Binder:28525_12 expire 5 lines
08-24 08:28:34.706 28858 28858 I Resources: LockDpi original config :{1.30001 460mcc2mnc [zh_CN_#Hans] ldltr sw320dp w320dp h668dp 540dpi nrml long port finger -keyb/v/h -nav/h winConfig={ mBounds=Rect(0, 0 - 1080, 2340) mAppBounds=Rect(0, 85 - 1080, 2340) mWindowingMode=fullscreen mDisplayWindowingMode=fullscreen mActivityType=undefined mAlwaysOnTop=undefined mRotation=ROTATION_0} suim:1 fontWeightScale:100 s.40} mLockDpi = true densityDpi = 540 dpi = 540
08-24 08:28:35.043 29075 29493 E Booster_PositionFencePolicyLifeManager: [isPhoneDevice]phone device
08-24 08:28:42.163 29075 29493 I NetworkQoeChr: onQoeStatusEnd
08-24 08:28:47.822 28525 28648 I chatty  : uid=1000(system) UEventObserver expire 12 lines
08-24 08:28:52.435  1132  1163 I storaged: storaged_t::event: storage_info refreshed.
08-24 08:29:00.230 28525 28678 I chatty  : uid=1000(system) AlarmManager expire 10 lines
08-24 08:29:00.251 28525 29002 I chatty  : uid=1000(system) Binder:28525_8 expire 22 lines
08-24 08:29:00.256 28525 29006 I chatty  : uid=1000(system) Binder:28525_9 expire 10 lines
08-24 08:29:10.762 28525 28566 I chatty  : uid=1000(system) ActivityManager expire 3 lines
08-24 08:29:10.767 21535 24455 D HwLoadedApk: libSearchPath: /data/app/com.huawei.hiai-TIsHw441Yit9gXXXYjsJNA==/split_awareness.apk!/lib/arm64-v8a:/data/app/com.huawei.hiai-TIsHw441Yit9gXXXYjsJNA==/lib/arm64:/data/app/com.huawei.hiai-TIsHw441Yit9gXXXYjsJNA==/base.apk!/lib/arm64-v8a:/system/lib64:/hw_product/lib64:/system/product/lib64
08-24 08:29:10.808 26986 26986 D ActivityThread: Attach thread to application
08-24 08:29:10.837 26986 27004 I ActivityThread: Init compatible state: true
08-24 08:29:11.083 28525 29006 I chatty  : uid=1000(system) Binder:28525_9 expire 18 lines
08-24 08:29:11.286 28525 29002 I chatty  : uid=1000(system) Binder:28525_8 expire 2 lines
08-24 08:29:11.322 28525 29001 I chatty  : uid=1000(system) Binder:28525_7 expire 17 lines
08-24 08:29:11.332 26986 26986 I ActivityThread: finishPreloaded preloadStatus 0
08-24 08:29:22.866 27048 27048 D ActivityThread: Attach thread to application
08-24 08:29:22.891 27048 27066 I ActivityThread: Init compatible state: false
08-24 08:29:22.901 27048 27048 I LoadedApk: makePaths: outLibPaths=[/system/priv-app/ContactsProvider/lib/arm64, /system/lib64:/hw_product/lib64:/system/product/lib64]
08-24 08:29:23.112 27048 27072 D ActivityThread: Loading provider call_log_shadow: com.android.providers.contacts.ShadowCallLogProvider
08-24 08:29:23.113 27048 27048 D ActivityThread: Loading provider call_log_shadow: com.android.providers.contacts.ShadowCallLogProvider
08-24 08:29:23.195 27048 27048 D ActivityThread: Loading provider contacts;com.android.contacts;contact_starred: com.android.providers.contacts.ContactsProvider2
08-24 08:29:23.383 27048 27048 I ActivityThread: finishPreloaded preloadStatus 0
08-24 08:29:23.425 28525 28543 I chatty  : uid=1000(system) Binder:28525_2 expire 24 lines
08-24 08:29:24.307 27092 27092 D ActivityThread: Attach thread to application
08-24 08:29:24.331 27092 27112 I ActivityThread: Init compatible state: false
08-24 08:29:24.338 27092 27092 I LoadedApk: makePaths: outLibPaths=[/hw_product/region_comm/china/app/Pengine/lib/arm64, /hw_product/region_comm/china/app/Pengine/Pengine.apk!/lib/arm64-v8a, /system/lib64:/hw_product/lib64:/system/product/lib64]
08-24 08:29:24.519 27092 27092 I ActivityThread: finishPreloaded preloadStatus 0
08-24 08:29:26.063 28525  6185 I chatty  : uid=1000(system) MobileQosDetect expire 7 lines
08-24 08:29:49.470 28525 28648 I chatty  : uid=1000(system) UEventObserver expire 12 lines
08-24 08:29:52.436  1132  1163 I storaged: storaged_t::event: storage_info refreshed.
08-24 08:30:01.023 28525 28728 I chatty  : uid=1000(system) LocationHander expire 2 lines
08-24 08:30:22.843 28525 29193 I chatty  : uid=1000(system) Binder:28525_11 expire 3 lines
08-24 08:30:30.164 28525 28575 I chatty  : uid=1000(system) PowerManagerSer expire 12 lines
08-24 08:30:45.886 28525 29186 I chatty  : uid=1000(system) Binder:28525_D expire 18 lines
08-24 08:30:46.091 28525 29001 I chatty  : uid=1000(system) Binder:28525_7 expire 7 lines
08-24 08:30:46.097 28525 28575 I chatty  : uid=1000(system) PowerManagerSer expire 20 lines
08-24 08:30:46.122 28525  6185 I chatty  : uid=1000(system) MobileQosDetect expire 6 lines
08-24 08:30:46.927 28525 28543 I chatty  : uid=1000(system) Binder:28525_2 expire 8 lines
08-24 08:30:50.720 28525 28648 I chatty  : uid=1000(system) UEventObserver expire 6 lines
08-24 08:30:50.818 28525 28525 I chatty  : uid=1000(system) Binder:28525_12 expire 10 lines
08-24 08:30:52.439  1132  1163 I storaged: storaged_t::event: storage_info refreshed.
08-24 08:31:16.029 28525 28691 I chatty  : uid=1000(system) InputReader expire 7 lines
08-24 08:31:16.054 28525 28827 I chatty  : uid=1000(system) pool-2-thread-1 expire 1 line
08-24 08:31:16.056 28525 28821 I chatty  : uid=1000(system) pool-2-thread-5 expire 1 line
08-24 08:31:16.056 28525 28828 I chatty  : uid=1000(system) NotifyScreenSta expire 1 line
08-24 08:31:16.086 28525 29002 I chatty  : uid=1000(system) Binder:28525_8 expire 1 line
08-24 08:31:16.090 28525 28549 I chatty  : uid=1000(system) android.display expire 3 lines
08-24 08:31:16.090 28525 28550 I chatty  : uid=1000(system) android.anim expire 5 lines
08-24 08:31:16.095 28525 28963 I chatty  : uid=1000(system) NetworkTimeUpda expire 2 lines
08-24 08:31:16.104 28525 29188 I chatty  : uid=1000(system) Binder:28525_F expire 1 line
08-24 08:31:16.107 28525 28547 I chatty  : uid=1000(system) android.ui expire 4 lines
08-24 08:31:16.123 28525 29193 I chatty  : uid=1000(system) Binder:28525_11 expire 6 lines
08-24 08:31:16.124 28525 28730 I chatty  : uid=1000(system) Thread-6 expire 3 lines
08-24 08:31:16.129 28525 28558 I chatty  : uid=1000(system) HwActivityTaskM expire 1 line
08-24 08:31:16.138 29075 29493 I PowerMsgAdapter: handleUidGone uid: 10057
08-24 08:31:16.140 28525 28575 I chatty  : uid=1000(system) PowerManagerSer expire 59 lines
08-24 08:31:16.146 28525 30064 I chatty  : uid=1000(system) Binder:28525_15 expire 14 lines
08-24 08:31:16.166 28525 28682 I chatty  : uid=1000(system) sManagerService expire 1 line
08-24 08:31:16.181 28858 28858 I RtgSchedEvent: current pid:28858 AppType:255
08-24 08:31:16.198 28525 31616 I chatty  : uid=1000(system) Binder:28525_1D expire 21 lines
08-24 08:31:16.217 28525 28818 I chatty  : uid=1000(system) PhotonicModulat expire 3 lines
08-24 08:31:16.258 28525 31620 I chatty  : uid=1000(system) Binder:28525_1F expire 11 lines
08-24 08:31:16.284 29075 29493 I BoosterTelephonyCollector: handleDsdsStateChanged:dsds state= 0
08-24 08:31:16.320 29271 29271 W SettingsEx: SettingsEx.Systemex.getString deprecated use Settings.System.getString instead, callers = com.android.internal.telephony.gsm.HwCustGsmServiceStateManagerImpl.isMccForShowNetname:222 com.android.internal.telephony.gsm.HwCustGsmServiceStateManagerImpl.isShowNetnameByMcc:213 com.android.internal.telephony.gsm.HwCustGsmServiceStateManagerImpl.setOnsDisplayCustomization:164 
08-24 08:31:16.373 28525 28677 I chatty  : uid=1000(system) HeartBeatHandle expire 1 line
08-24 08:31:16.389 28525 28565 I chatty  : uid=1000(system) ActivityManager expire 1 line
08-24 08:31:16.410   464 27305 D vold    : idle maintenance stopped
08-24 08:31:16.426 28525 28708 I chatty  : uid=1000(system) WifiP2pService expire 3 lines
08-24 08:31:16.427 28525 28525 I chatty  : uid=1000(system) Binder:28525_12 expire 4 lines
08-24 08:31:16.429 28525 28715 I chatty  : uid=1000(system) ConnectivitySer expire 1 line
08-24 08:31:16.432 28525 28728 I chatty  : uid=1000(system) LocationHander expire 1 line
08-24 08:31:16.433 28525 28713 I chatty  : uid=1000(system) ConnectivityThr expire 15 lines
08-24 08:31:16.498 29075 29493 I KernelQoeChr: KernelQoeChrhandleMessage : msg = 2130903090
08-24 08:31:16.498 29075 29493 I KernelQoeChr: updateScreenState mIsScreenOn:true
08-24 08:31:16.498 29075 29493 E Booster_DollieCore: [setDollieUnsolEnabled]setDollieUnsolEnabled modem not support
08-24 08:31:16.551 29075 29493 E Booster_HumanFactorTraffic: [getRemainDailyDataTraffic]dataPackage=-1
08-24 08:31:16.660 29103 31693 W ContextImpl: Calling a method in the system process without a qualified user: android.app.ContextImpl.bindService:1777 android.content.ContextWrapper.bindService:705 ohos.abilityshell.support.O00000O.O000000:709 ohos.abilityshell.support.O00000O.connectAbility:579 ohos.abilityshell.support.O00000o.O000000:153 
08-24 08:31:16.670 28525 29190 I chatty  : uid=1000(system) Binder:28525_10 expire 11 lines
08-24 08:31:16.764 28525 31620 I chatty  : uid=1000(system) Binder:28525_1F expire 9 lines
08-24 08:31:16.771 28525 29186 I chatty  : uid=1000(system) Binder:28525_D expire 6 lines
08-24 08:31:16.775 28525 29006 I chatty  : uid=1000(system) Binder:28525_9 expire 13 lines
08-24 08:31:16.781 28525 30064 I chatty  : uid=1000(system) Binder:28525_15 expire 11 lines
08-24 08:31:16.793 28525 28575 I chatty  : uid=1000(system) PowerManagerSer expire 31 lines
08-24 08:31:16.799 28525 28543 I chatty  : uid=1000(system) Binder:28525_2 expire 17 lines
08-24 08:31:16.853 29271 29271 W SettingsEx: SettingsEx.Systemex.getString deprecated use Settings.System.getString instead, callers = com.android.internal.telephony.gsm.HwCustGsmServiceStateManagerImpl.isMccForShowNetname:222 com.android.internal.telephony.gsm.HwCustGsmServiceStateManagerImpl.isShowNetnameByMcc:213 com.android.internal.telephony.gsm.HwCustGsmServiceStateManagerImpl.setOnsDisplayCustomization:164 
08-24 08:31:16.888  7285  7459 E ActivityThread: Failed to find provider info for com.huawei.ohos.health.HealthDataAbility
08-24 08:31:16.889 29075 29493 I BoosterUtil: getSlaveCardSubId slotId: 1, subId: -1
08-24 08:31:16.889 29075 29493 I PositionFence_PositionFenceManager: start position fence recognize! reason for 2130903090
08-24 08:31:16.906 29075 29493 E OllieTelephony: sendFullData err:-2
08-24 08:31:16.979 29075 29493 E BoosterGameP: inValidCQI:-1
08-24 08:31:16.980 29075 29493 I DeepNoDisturbSM: setScreenState isScreenOn=true
08-24 08:31:16.981 29075 29493 I HidataAppQoeP: other status.
08-24 08:31:16.981 29075 29493 I PreDnsQuery: No need to handled!
08-24 08:31:16.981 29075 29493 I NetworkQoeChr: start qoe report
08-24 08:31:16.981 29075 29493 I BoosterTelephonyCollector: handleDsdsStateChanged:dsds state= 0
08-24 08:31:16.981 29075 29493 I DeepNoDisturbSM: IdleState processMessage msg.what=EVENT_SCREEN_ON
08-24 08:31:16.982 29075 29493 I DeepNoDisturbSM: isWifiConnected = true
08-24 08:31:16.983 29075 29493 I DeepNoDisturbSM: isNeedEnterDeepNoDisturbMode false
08-24 08:31:17.389 29075 29493 I PositionFenceSignalCollect: start position fence recognize by cell and serve ap! serveData: Pair{[Ljava.lang.String;@e978466 -40}
08-24 08:31:17.390 29075 29493 I PositionFenceRecognize: HighPrecisionRecognizeByCellAndServeAp fail, highPrecisionConfirmedFenceInfos is empty
08-24 08:31:17.390 29075 29493 I PositionFenceRecognize: LowPrecisionRecognizeByCellAndServeAp fail, lowPrecisionConfirmedFenceInfos is empty
08-24 08:31:17.504 28525 28565 I chatty  : uid=1000(system) ActivityManager expire 7 lines
08-24 08:31:17.506 28525 28674 I chatty  : uid=1000(system) Binder:28525_3 expire 23 lines
08-24 08:31:17.525 28525 28558 I chatty  : uid=1000(system) HwActivityTaskM expire 3 lines
08-24 08:31:17.536 24684 24684 D ActivityThread: Won't deliver top position change in state=5
08-24 08:31:17.537 28525 28550 I chatty  : uid=1000(system) android.anim expire 20 lines
08-24 08:31:17.602 28525 28547 I chatty  : uid=1000(system) android.ui expire 4 lines
08-24 08:31:17.602 28858 29223 D HwCommandQueue: CommandQueue, set Launcher StatusBar Color
08-24 08:31:17.604 28525 28682 I chatty  : uid=1000(system) sManagerService expire 2 lines
08-24 08:31:17.606 28525 28730 I chatty  : uid=1000(system) Thread-6 expire 3 lines
08-24 08:31:17.606 24684 24684 I RtgSchedEvent: current pid:24684 AppType:-1
08-24 08:31:17.616 28858 29223 I HwCommandQueue: updateBarBgColor
08-24 08:31:17.616 28858 29223 D HwCommandQueue: CommandQueue, setBarBackgroundColor
08-24 08:31:17.616 28858 29223 D HwCommandQueue: CommandQueue, set Launcher StatusBar Color
08-24 08:31:17.636 28525 28549 I chatty  : uid=1000(system) android.display expire 9 lines
08-24 08:31:17.680 28525 29193 I chatty  : uid=1000(system) Binder:28525_11 expire 1 line
08-24 08:31:17.685 29075 29493 I PreDnsQuery: No need to handled!
08-24 08:31:17.694 29075 29493 I NetworkQoeChr: checkForegroundApp timer end
08-24 08:31:17.694 28525 29002 I chatty  : uid=1000(system) Binder:28525_8 expire 1 line
08-24 08:31:17.701 28525 31978 I chatty  : uid=1000(system) Binder:28525_21 expire 2 lines
08-24 08:31:17.708 29075 29493 E Booster_NetworkQoe: [checkModemParaCollecEnable]checkModemParaCollecEnable: false,mNetworkQoeConditions=254
08-24 08:31:17.729 28525 28542 I chatty  : uid=1000(system) Binder:28525_1 expire 3 lines
08-24 08:31:17.733 28525 31616 I chatty  : uid=1000(system) Binder:28525_1D expire 4 lines
08-24 08:31:17.758 29075 29493 I SmartDualCardConfig: getAppType,pkgName=com.google.mediapipe.apps.posetrackinggpu,appType=-1
08-24 08:31:17.758 29075 29493 E SmartDualCardConfig: isAppInBlackList false,items==null
08-24 08:31:17.759 29075 29493 E Booster_MatterAppRecommend: [isMatterPackage]invalid mMatterPackagesConfig
08-24 08:31:17.788 28525 29581 I chatty  : uid=1000(system) Binder:28525_13 expire 9 lines
08-24 08:31:17.829 28525 30887 I chatty  : uid=1000(system) Binder:28525_16 expire 1 line
08-24 08:31:17.926 29075 29493 I PositionFenceSignalCollect: cell Info change.
08-24 08:31:18.313 28525 28525 I chatty  : uid=1000(system) Binder:28525_12 expire 11 lines
08-24 08:31:18.315 28525 28708 I chatty  : uid=1000(system) WifiP2pService expire 3 lines
08-24 08:31:18.326 28525 10034 I chatty  : uid=1000(system) pool-20-thread- expire 3 lines
08-24 08:31:19.485 26986 27340 I LoadedApk: makePaths: outLibPaths=[/system/product/app/WebViewGoogle/lib/arm64, /system/product/app/WebViewGoogle/WebViewGoogle.apk!/lib/arm64-v8a, /system/product/app/TrichromeLibrary/TrichromeLibrary.apk!/lib/arm64-v8a, /system/lib64:/hw_product/lib64:/system/product/lib64]
08-24 08:31:20.066 28525 28566 I chatty  : uid=1000(system) ActivityManager expire 1 line
08-24 08:31:20.213 27487 27487 D ActivityThread: Attach thread to application
08-24 08:31:20.326 27487 27487 I LoadedApk: makePaths: outLibPaths=[/system/product/app/WebViewGoogle/lib/arm, /system/product/app/WebViewGoogle/WebViewGoogle.apk!/lib/armeabi-v7a, /system/product/app/TrichromeLibrary/TrichromeLibrary.apk!/lib/armeabi-v7a, /system/lib:/hw_product/lib]
08-24 08:31:20.421 27487 27508 E ActivityThread: getApplicationInfo metadata error
08-24 08:31:20.422 27487 27508 I ActivityThread: Init compatible state: false
08-24 08:31:20.503 26986 26986 D HwCustConnectivityManagerImpl: isBlockNetworkRequestByNonAis, INVALID_SUBSCRIPTION_ID
08-24 08:31:20.508 28525 28715 I chatty  : uid=1000(system) ConnectivitySer expire 6 lines
08-24 08:31:20.510 26986 26986 D HwCustConnectivityManagerImpl: isBlockNetworkRequestByNonAis, INVALID_SUBSCRIPTION_ID
08-24 08:31:20.546 27487 27487 I ActivityThread: finishPreloaded preloadStatus 0
08-24 08:31:20.629 28525 28815 I chatty  : uid=1000(system) HwProximitySens expire 1 line
08-24 08:31:20.774 28525 28710 I chatty  : uid=1000(system) WifiScanningSer expire 1 line
08-24 08:31:20.806 28525 28795 I chatty  : uid=1000(system) wifipro_feature expire 1 line
08-24 08:31:20.826 29075 29493 I PositionFenceSignalCollect: wifiDatas size 5 for recognize
08-24 08:31:20.829 29075 29493 E PositionFenceRecognize: RecognizeByWifi fail, highPrecisionConfirmedFence is empty
08-24 08:31:20.829 29075 29493 I PositionFenceRecognize: HighPrecisionRecognizeByCellAndServeAp fail, highPrecisionConfirmedFenceInfos is empty
08-24 08:31:20.829 29075 29493 I PositionFenceRecognize: LowPrecisionRecognizeByCellAndServeAp fail, lowPrecisionConfirmedFenceInfos is empty
08-24 08:31:21.413 28525 28648 I chatty  : uid=1000(system) UEventObserver expire 6 lines
08-24 08:31:21.518 28525 28728 I chatty  : uid=1000(system) LocationHander expire 2 lines
08-24 08:31:21.552 28525 28575 I chatty  : uid=1000(system) PowerManagerSer expire 13 lines
08-24 08:31:21.556 28525 31620 I chatty  : uid=1000(system) Binder:28525_1F expire 2 lines
08-24 08:31:21.559 28525 30064 I chatty  : uid=1000(system) Binder:28525_15 expire 8 lines
08-24 08:31:21.561 28525 28542 I chatty  : uid=1000(system) Binder:28525_1 expire 9 lines
08-24 08:31:21.568 28525 31616 I chatty  : uid=1000(system) Binder:28525_1D expire 4 lines
08-24 08:31:21.601 29075 29493 I PositionFenceSignalCollect: cell Info change.
08-24 08:31:21.648 29126 32139 W ContextImpl: Calling a method in the system process without a qualified user: android.app.ContextImpl.bindService:1777 android.content.ContextWrapper.bindService:705 com.huawei.c.c.d.c.f:156 com.huawei.c.c.d.c.b:232 com.huawei.c.c.d.c.a:210 
08-24 08:31:21.737 28525 29581 I chatty  : uid=1000(system) Binder:28525_13 expire 10 lines
08-24 08:31:21.752 28525 30887 I chatty  : uid=1000(system) Binder:28525_16 expire 4 lines
08-24 08:31:21.950 28525 27410 I chatty  : uid=1000(system) Binder:28525_12 expire 6 lines
08-24 08:31:22.045 28525 28759 I chatty  : uid=1000(system) iaware.clean expire 9 lines
08-24 08:31:22.046 28525 28730 I chatty  : uid=1000(system) Thread-6 expire 18 lines
08-24 08:31:22.056 28525 28558 I chatty  : uid=1000(system) HwActivityTaskM expire 8 lines
08-24 08:31:22.066 28525 28674 I chatty  : uid=1000(system) Binder:28525_3 expire 6 lines
08-24 08:31:22.067 28525 28715 I chatty  : uid=1000(system) ConnectivitySer expire 7 lines
08-24 08:31:22.126 28525 28549 I chatty  : uid=1000(system) android.display expire 3 lines
08-24 08:31:22.128 28525 28547 I chatty  : uid=1000(system) android.ui expire 1 line
08-24 08:31:22.160 28525 28525 I chatty  : uid=1000(system) Binder:28525_12 expire 7 lines
08-24 08:31:22.908 28525 29190 I chatty  : uid=1000(system) Binder:28525_10 expire 16 lines
08-24 08:31:30.177 28525  6185 I chatty  : uid=1000(system) MobileQosDetect expire 11 lines
08-24 08:31:31.342 28525 28562 I chatty  : uid=1000(system) android.bg expire 1 line
08-24 08:31:46.781 28525 28678 I chatty  : uid=1000(system) AlarmManager expire 10 lines
08-24 08:31:52.125 28525 28648 I chatty  : uid=1000(system) UEventObserver expire 6 lines
08-24 08:31:52.441  1132  1163 I storaged: storaged_t::event: storage_info refreshed.
08-24 08:31:58.609 28525 28575 I chatty  : uid=1000(system) PowerManagerSer expire 17 lines
08-24 08:31:58.618 28525 28565 I chatty  : uid=1000(system) ActivityManager expire 1 line
08-24 08:31:58.652 28525 28877 I chatty  : uid=1000(system) Binder:28525_4 expire 2 lines
08-24 08:31:58.808 29145  4785 W ContextImpl: Calling a method in the system process without a qualified user: android.app.ContextImpl.sendBroadcast:1183 android.content.ContextWrapper.sendBroadcast:453 com.huawei.android.chr.statistics.TelStatusService.a:1319 com.huawei.android.chr.statistics.TelStatusService.triggerAllStatsReport:4205 com.huawei.android.chr.statistics.TelStatusManager.triggerAllStatsReport:601 
08-24 08:31:58.814 28525 29581 I chatty  : uid=1000(system) Binder:28525_13 expire 12 lines
08-24 08:31:58.848 28525 31978 I chatty  : uid=1000(system) Binder:28525_21 expire 8 lines
08-24 08:31:59.063 29145  4785 W ContextImpl: Calling a method in the system process without a qualified user: android.app.ContextImpl.sendBroadcast:1183 android.content.ContextWrapper.sendBroadcast:453 com.huawei.android.chr.statistics.TelStatusService.triggerAllStatsReport:8375 com.huawei.android.chr.statistics.TelStatusManager.triggerAllStatsReport:601 com.huawei.android.chr.logcollectservice.ChrLogService$ChrLogServiceHandler.handleMessage:1181 
08-24 08:32:01.320 28525 28678 I chatty  : uid=1000(system) AlarmManager expire 2 lines
08-24 08:32:14.407 28525 28550 I chatty  : uid=1000(system) android.anim expire 5 lines
08-24 08:32:14.513 28525 28559 I chatty  : uid=1000(system) HwGameAssistant expire 1 line
08-24 08:32:14.589 28525 28730 I chatty  : uid=1000(system) Thread-6 expire 3 lines
08-24 08:32:14.607 28525 28682 I chatty  : uid=1000(system) sManagerService expire 1 line
08-24 08:32:14.626 29307 29307 I RtgSchedEvent: current pid:29307 AppType:28
08-24 08:32:14.626 29307 29307 D ActivityThread: Won't deliver top position change in state=5
08-24 08:32:14.638 29307 29307 I ActivityThread: Handle window ActivityRecord{3a0897e token=android.os.BinderProxy@a35ff56 {com.huawei.android.launcher/com.huawei.android.launcher.unihome.UniHomeLauncher}} visibility: true
08-24 08:32:14.655 29048 29966 I HwNetworkPolicyManager: getHwUidPolicy uid = 10059 policy = 0
08-24 08:32:14.674 28525 29581 I chatty  : uid=1000(system) Binder:28525_13 expire 1 line
08-24 08:32:14.675 28525 28730 I chatty  : uid=1000(system) Thread-6 expire 4 lines
08-24 08:32:14.680 29075 29493 I NetworkQoeChr: checkForegroundApp timer start
08-24 08:32:14.680 29075 29493 I NetworkQoeChr: end qoe report
08-24 08:32:14.683 29075 29493 I SmartDualCardConfig: getAppType,pkgName=com.huawei.android.launcher,appType=28
08-24 08:32:14.684 29075 29493 E SmartDualCardConfig: isAppInBlackList false,items==null
08-24 08:32:14.684 29075 29493 I PowerMsgAdapter: UID hot switch, uid:10059, pkgName:com.huawei.android.launcher
08-24 08:32:14.695 28525 28542 I chatty  : uid=1000(system) Binder:28525_1 expire 24 lines
08-24 08:32:14.695 29075 29493 E Booster_MatterAppRecommend: [isMatterPackage]invalid mMatterPackagesConfig
08-24 08:32:14.752 28858 28876 I HwCommandQueue: updateBarBgColor
08-24 08:32:14.752 28858 28876 D HwCommandQueue: CommandQueue, setBarBackgroundColor
08-24 08:32:14.752 28525 28547 I chatty  : uid=1000(system) android.ui expire 8 lines
08-24 08:32:14.752 28858 28876 D HwCommandQueue: CommandQueue, set Launcher StatusBar Color
08-24 08:32:14.773 28525 28686 I chatty  : uid=1000(system) GestureNavManag expire 4 lines
08-24 08:32:14.781 28525 28550 I chatty  : uid=1000(system) android.anim expire 25 lines
08-24 08:32:14.802 28525 28682 I chatty  : uid=1000(system) sManagerService expire 2 lines
08-24 08:32:14.823 28525 29190 I chatty  : uid=1000(system) Binder:28525_10 expire 19 lines
08-24 08:32:14.852 28525 28575 I chatty  : uid=1000(system) PowerManagerSer expire 28 lines
08-24 08:32:14.920 28525 28549 I chatty  : uid=1000(system) android.display expire 11 lines
08-24 08:32:15.250 24684 24684 D ActivityThread: Remove activity client record, r= ActivityRecord{148ab08 token=android.os.BinderProxy@316cc96 {com.google.mediapipe.apps.posetrackinggpu/com.google.mediapipe.apps.posetrackinggpu.MainActivity}} token= android.os.BinderProxy@316cc96
08-24 08:32:15.250 24684 24684 I ViewRootImpl: dispatchDetachedFromWindow in doDie
08-24 08:32:15.281 29075 29493 I HidataAppQoeP: foregroundUidRemove uid: 10261 name: com.google.mediapipe.apps.posetrackinggpu
08-24 08:32:15.288 29075 29493 I SmartDualCardConfig: getAppType,pkgName=com.google.mediapipe.apps.posetrackinggpu,appType=-1
08-24 08:32:15.288 29075 29493 E SmartDualCardConfig: isAppInBlackList false,items==null
08-24 08:32:15.296 29075 29494 E OllieTelephony: sendFullData err:-2
08-24 08:32:15.345 28525 28525 I chatty  : uid=1000(system) Binder:28525_12 expire 7 lines
08-24 08:32:15.346 28525 28674 I chatty  : uid=1000(system) Binder:28525_3 expire 16 lines
08-24 08:32:16.693 28525 28678 I chatty  : uid=1000(system) AlarmManager expire 4 lines
08-24 08:32:17.774 28858 28876 D HwCommandQueue: CommandQueue, set Launcher StatusBar Color
08-24 08:32:17.794 28858 28876 D HwCommandQueue: CommandQueue, set Launcher StatusBar Color
08-24 08:32:17.950 28525 28571 I chatty  : uid=1000(system) batterystats-wo expire 2 lines
08-24 08:32:18.215 28525  6185 I chatty  : uid=1000(system) MobileQosDetect expire 1 line
08-24 08:32:18.886 28525 28565 I chatty  : uid=1000(system) ActivityManager expire 7 lines
08-24 08:32:18.891 29307 29307 I ViewRootImpl: dispatchDetachedFromWindow in doDie
08-24 08:32:18.925 28525 28566 I chatty  : uid=1000(system) ActivityManager expire 7 lines
08-24 08:32:18.944 27700 27700 D ActivityThread: Attach thread to application
08-24 08:32:18.957 27700 27718 I ActivityThread: Init compatible state: false
08-24 08:32:18.960 28858 29223 I HwCommandQueue: updateBarBgColor
08-24 08:32:18.960 28858 29223 D HwCommandQueue: CommandQueue, setBarBackgroundColor
08-24 08:32:18.961 28858 29223 D HwCommandQueue: CommandQueue, set Launcher StatusBar Color
08-24 08:32:18.963 27700 27700 I LoadedApk: makePaths: outLibPaths=[/system/priv-app/PackageInstaller/lib/arm64, /system/lib64:/hw_product/lib64:/system/product/lib64]
08-24 08:32:19.031 27700 27700 I ActivityThread: finishPreloaded preloadStatus 0
08-24 08:32:19.039 28525 31978 I chatty  : uid=1000(system) Binder:28525_21 expire 1 line
08-24 08:32:19.043 28525 28581 I chatty  : uid=1000(system) PackageManager expire 17 lines
08-24 08:32:19.049 28525 28558 I chatty  : uid=1000(system) HwActivityTaskM expire 1 line
08-24 08:32:19.061 29075 29493 I PowerMsgAdapter: handleUidGone uid: 10261
08-24 08:32:20.796 28525 28546 I chatty  : uid=1000(system) android.fg expire 3 lines
08-24 08:32:20.824 29048 30049 I HwNetworkPolicyManager: removeHwUidPolicy uid = 10261 policy = -1 opPackageName = com.huawei.systemmanager
08-24 08:32:20.828 29075 29493 I PreDnsQuery: No need to handled!
08-24 08:32:20.828 29075 29493 I SmartDualCardConfig: onPackageInstallStateUpdate uid=10261,appName=com.google.mediapipe.apps.posetrackinggpu,packageAddFlag=0
08-24 08:32:20.831 29075 29075 D DEF_PackageChangedBroadcastReceiver: receive action:android.intent.action.PACKAGE_REMOVED
08-24 08:32:20.831 29075 29075 D DEF_PackageChangedBroadcastReceiver: onReceive com.google.mediapipe.apps.posetrackinggpu android.intent.action.PACKAGE_REMOVED replacing: false
08-24 08:32:20.871 29075 29075 I PreDnsQuery: onReceive: intent = android.intent.action.PACKAGE_REMOVED
08-24 08:32:20.889 28525 31617 I chatty  : uid=1000(system) Binder:28525_1E expire 3 lines
08-24 08:32:20.919 28525 29074 I chatty  : uid=1000(system) Binder:28525_A expire 1 line
08-24 08:32:20.931 28525 28703 I chatty  : uid=1000(system) NetworkStats expire 11 lines
08-24 08:32:20.951 28525 30064 I chatty  : uid=1000(system) Binder:28525_15 expire 4 lines
08-24 08:32:20.953 29075 29938 W ContextImpl: Calling a method in the system process without a qualified user: android.app.ContextImpl.bindService:1777 android.content.ContextWrapper.bindService:705 com.huawei.profile.client.connect.RemoteServiceConnection.bindService:128 com.huawei.profile.client.connect.RemoteServiceConnection.open:99 com.huawei.profile.client.profile.ProfileClient.connect:265 
08-24 08:32:20.999 29048 29967 W ContextImpl: Calling a method in the system process without a qualified user: android.app.ContextImpl.startService:1698 android.content.ContextWrapper.startService:669 d.d.D.B.c.a.doInBackground:27 java.lang.reflect.Method.invoke:-2 d.d.k.a.b.b.o.d:15 
08-24 08:32:21.036 28525 28877 I chatty  : uid=1000(system) Binder:28525_4 expire 2 lines
08-24 08:32:21.073 27751 27751 D ActivityThread: Attach thread to application
08-24 08:32:21.168 27751 27783 I ActivityThread: Init compatible state: false
08-24 08:32:21.182 27785 27785 D ActivityThread: Attach thread to application
08-24 08:32:21.248 27812 27812 D ActivityThread: Attach thread to application
08-24 08:32:21.314 27785 27821 I ActivityThread: Init compatible state: false
08-24 08:32:21.323 27785 27785 I ActivityThread: finishPreloaded preloadStatus 0
08-24 08:32:21.329 27812 27846 I ActivityThread: Init compatible state: true
08-24 08:32:21.340 27833 27833 D ActivityThread: Attach thread to application
08-24 08:32:21.398 27833 27833 I LoadedApk: makePaths: outLibPaths=[/system/priv-app/HwCardManager/lib/arm64, /system/lib64:/hw_product/lib64:/system/product/lib64]
08-24 08:32:21.402 27853 27853 D ActivityThread: Attach thread to application
08-24 08:32:21.435 27833 27877 I ActivityThread: Init compatible state: false
08-24 08:32:21.441 27882 27882 D ActivityThread: Attach thread to application
08-24 08:32:21.464 27853 27900 I ActivityThread: Init compatible state: true
08-24 08:32:21.466 27853 27853 I LoadedApk: makePaths: outLibPaths=[/system/app/HwDeviceAuth/lib/arm64, /system/app/HwDeviceAuth/HwDeviceAuth.apk!/lib/arm64-v8a, /system/lib64:/hw_product/lib64:/system/product/lib64]
08-24 08:32:21.478 24938 27803 I Resources: LockDpi original config :{1.30001 460mcc2mnc [zh_CN_#Hans] ldltr sw320dp w320dp h668dp 540dpi nrml long port finger -keyb/v/h -nav/h winConfig={ mBounds=Rect(0, 0 - 1080, 2340) mAppBounds=Rect(0, 85 - 1080, 2340) mWindowingMode=fullscreen mDisplayWindowingMode=fullscreen mActivityType=undefined mAlwaysOnTop=undefined mRotation=ROTATION_0} suim:1 fontWeightScale:100 s.16} mLockDpi = true densityDpi = 540 dpi = 540
08-24 08:32:21.488 27882 27882 I LoadedApk: makePaths: outLibPaths=[/system/app/HwDeviceGroupManage/lib/arm64, /system/lib64:/hw_product/lib64:/system/product/lib64]
08-24 08:32:21.496 27882 27916 I ActivityThread: Init compatible state: false
08-24 08:32:21.532 24938 27811 I Resources: LockDpi original config :{1.30001 460mcc2mnc [zh_CN_#Hans] ldltr sw320dp w320dp h668dp 540dpi nrml long port finger -keyb/v/h -nav/h winConfig={ mBounds=Rect(0, 0 - 1080, 2340) mAppBounds=Rect(0, 85 - 1080, 2340) mWindowingMode=fullscreen mDisplayWindowingMode=fullscreen mActivityType=undefined mAlwaysOnTop=undefined mRotation=ROTATION_0} suim:1 fontWeightScale:100 s.16} mLockDpi = true densityDpi = 540 dpi = 540
08-24 08:32:21.534 24938 27811 I LoadedApk: makePaths: outLibPaths=[/data/app/com.android.calendar-RDGQJU3cOiz3-suU83GGLA==/lib/arm64, /data/app/com.android.calendar-RDGQJU3cOiz3-suU83GGLA==/base.apk!/lib/arm64-v8a, /data/app/com.android.calendar-RDGQJU3cOiz3-suU83GGLA==/split_calendar_widget.apk!/lib/arm64-v8a, /system/lib64:/hw_product/lib64:/system/product/lib64]
08-24 08:32:21.548 27833 27833 I ActivityThread: finishPreloaded preloadStatus 0
08-24 08:32:21.549 28525 29193 I chatty  : uid=1000(system) Binder:28525_11 expire 18 lines
08-24 08:32:21.567 27853 27853 I ActivityThread: finishPreloaded preloadStatus 0
08-24 08:32:21.598 27882 27882 I ActivityThread: finishPreloaded preloadStatus 0
08-24 08:32:21.675 27812 27812 I ActivityThread: finishPreloaded preloadStatus 0
08-24 08:32:21.698 28525 28525 I chatty  : uid=1000(system) Binder:28525_12 expire 18 lines
08-24 08:32:21.714 24938 27811 I Resources: LockDpi original config :{1.30001 460mcc2mnc [zh_CN_#Hans] ldltr sw320dp w320dp h668dp 540dpi nrml long port finger -keyb/v/h -nav/h winConfig={ mBounds=Rect(0, 0 - 1080, 2340) mAppBounds=Rect(0, 85 - 1080, 2340) mWindowingMode=fullscreen mDisplayWindowingMode=fullscreen mActivityType=undefined mAlwaysOnTop=undefined mRotation=ROTATION_0} suim:1 fontWeightScale:100 s.16} mLockDpi = true densityDpi = 540 dpi = 540
08-24 08:32:21.745 24938 27811 I Resources: LockDpi original config :{1.30001 460mcc2mnc [zh_CN_#Hans] ldltr sw320dp w320dp h668dp 540dpi nrml long port finger -keyb/v/h -nav/h winConfig={ mBounds=Rect(0, 0 - 1080, 2340) mAppBounds=Rect(0, 85 - 1080, 2340) mWindowingMode=fullscreen mDisplayWindowingMode=fullscreen mActivityType=undefined mAlwaysOnTop=undefined mRotation=ROTATION_0} suim:1 fontWeightScale:100 s.16} mLockDpi = true densityDpi = 540 dpi = 540
08-24 08:32:21.748 24938 27811 I LoadedApk: makePaths: outLibPaths=[/system/priv-app/ContactsHm/lib/arm64, /system/lib64:/hw_product/lib64:/system/product/lib64]
08-24 08:32:21.816 24938 27811 I Resources: LockDpi original config :{1.30001 460mcc2mnc [zh_CN_#Hans] ldltr sw320dp w320dp h668dp 540dpi nrml long port finger -keyb/v/h -nav/h winConfig={ mBounds=Rect(0, 0 - 1080, 2340) mAppBounds=Rect(0, 85 - 1080, 2340) mWindowingMode=fullscreen mDisplayWindowingMode=fullscreen mActivityType=undefined mAlwaysOnTop=undefined mRotation=ROTATION_0} suim:1 fontWeightScale:100 s.16} mLockDpi = true densityDpi = 540 dpi = 540
08-24 08:32:21.818 28525 28562 I chatty  : uid=1000(system) android.bg expire 6 lines
08-24 08:32:21.833 24938 27803 I Resources: LockDpi original config :{1.30001 460mcc2mnc [zh_CN_#Hans] ldltr sw320dp w320dp h668dp 540dpi nrml long port finger -keyb/v/h -nav/h winConfig={ mBounds=Rect(0, 0 - 1080, 2340) mAppBounds=Rect(0, 85 - 1080, 2340) mWindowingMode=fullscreen mDisplayWindowingMode=fullscreen mActivityType=undefined mAlwaysOnTop=undefined mRotation=ROTATION_0} suim:1 fontWeightScale:100 s.16} mLockDpi = true densityDpi = 540 dpi = 540
08-24 08:32:21.835 24938 27811 I LoadedApk: makePaths: outLibPaths=[/system/app/HwDeskClockHm_Legacy/lib/arm64, /system/app/HwDeskClockHm_Legacy/HwDeskClockHm_Legacy_signed_entry.apk!/lib/arm64-v8a, /system/app/HwDeskClockHm_Legacy/clockfa_release_signed_feature.apk!/lib/arm64-v8a, /system/lib64:/hw_product/lib64:/system/product/lib64]
08-24 08:32:21.869 24938 27803 I Resources: LockDpi original config :{1.30001 460mcc2mnc [zh_CN_#Hans] ldltr sw320dp w320dp h668dp 540dpi nrml long port finger -keyb/v/h -nav/h winConfig={ mBounds=Rect(0, 0 - 1080, 2340) mAppBounds=Rect(0, 85 - 1080, 2340) mWindowingMode=fullscreen mDisplayWindowingMode=fullscreen mActivityType=undefined mAlwaysOnTop=undefined mRotation=ROTATION_0} suim:1 fontWeightScale:100 s.16} mLockDpi = true densityDpi = 540 dpi = 540
